Component: Arm Compiler for Embedded 6.19 Tool: armlink [5e73cb00]

==============================================================================

Section Cross References

    main.o(.text) refers (Special) to _printf_percent.o(.ARM.Collect$$_printf_percent$$00000000) for _printf_percent
    main.o(.text) refers (Special) to _printf_d.o(.ARM.Collect$$_printf_percent$$00000009) for _printf_d
    main.o(.text) refers (Special) to _printf_f.o(.ARM.Collect$$_printf_percent$$00000003) for _printf_f
    main.o(.text) refers (Special) to _printf_dec.o(.text) for _printf_int_dec
    main.o(.text) refers (Special) to printf1.o(x$fpl$printf1) for _printf_fp_dec
    main.o(.text.initKeypad) refers (Special) to _printf_percent.o(.ARM.Collect$$_printf_percent$$00000000) for _printf_percent
    main.o(.text.initKeypad) refers (Special) to _printf_d.o(.ARM.Collect$$_printf_percent$$00000009) for _printf_d
    main.o(.text.initKeypad) refers (Special) to _printf_f.o(.ARM.Collect$$_printf_percent$$00000003) for _printf_f
    main.o(.text.initKeypad) refers (Special) to _printf_dec.o(.text) for _printf_int_dec
    main.o(.text.initKeypad) refers (Special) to printf1.o(x$fpl$printf1) for _printf_fp_dec
    main.o(.ARM.exidx.text.initKeypad) refers (Special) to _printf_percent.o(.ARM.Collect$$_printf_percent$$00000000) for _printf_percent
    main.o(.ARM.exidx.text.initKeypad) refers (Special) to _printf_d.o(.ARM.Collect$$_printf_percent$$00000009) for _printf_d
    main.o(.ARM.exidx.text.initKeypad) refers (Special) to _printf_f.o(.ARM.Collect$$_printf_percent$$00000003) for _printf_f
    main.o(.ARM.exidx.text.initKeypad) refers (Special) to _printf_dec.o(.text) for _printf_int_dec
    main.o(.ARM.exidx.text.initKeypad) refers (Special) to printf1.o(x$fpl$printf1) for _printf_fp_dec
    main.o(.ARM.exidx.text.initKeypad) refers to main.o(.text.initKeypad) for [Anonymous Symbol]
    main.o(.text.initOutput) refers (Special) to _printf_percent.o(.ARM.Collect$$_printf_percent$$00000000) for _printf_percent
    main.o(.text.initOutput) refers (Special) to _printf_d.o(.ARM.Collect$$_printf_percent$$00000009) for _printf_d
    main.o(.text.initOutput) refers (Special) to _printf_f.o(.ARM.Collect$$_printf_percent$$00000003) for _printf_f
    main.o(.text.initOutput) refers (Special) to _printf_dec.o(.text) for _printf_int_dec
    main.o(.text.initOutput) refers (Special) to printf1.o(x$fpl$printf1) for _printf_fp_dec
    main.o(.ARM.exidx.text.initOutput) refers (Special) to _printf_percent.o(.ARM.Collect$$_printf_percent$$00000000) for _printf_percent
    main.o(.ARM.exidx.text.initOutput) refers (Special) to _printf_d.o(.ARM.Collect$$_printf_percent$$00000009) for _printf_d
    main.o(.ARM.exidx.text.initOutput) refers (Special) to _printf_f.o(.ARM.Collect$$_printf_percent$$00000003) for _printf_f
    main.o(.ARM.exidx.text.initOutput) refers (Special) to _printf_dec.o(.text) for _printf_int_dec
    main.o(.ARM.exidx.text.initOutput) refers (Special) to printf1.o(x$fpl$printf1) for _printf_fp_dec
    main.o(.ARM.exidx.text.initOutput) refers to main.o(.text.initOutput) for [Anonymous Symbol]
    main.o(.text.initIRQ) refers (Special) to _printf_percent.o(.ARM.Collect$$_printf_percent$$00000000) for _printf_percent
    main.o(.text.initIRQ) refers (Special) to _printf_d.o(.ARM.Collect$$_printf_percent$$00000009) for _printf_d
    main.o(.text.initIRQ) refers (Special) to _printf_f.o(.ARM.Collect$$_printf_percent$$00000003) for _printf_f
    main.o(.text.initIRQ) refers (Special) to _printf_dec.o(.text) for _printf_int_dec
    main.o(.text.initIRQ) refers (Special) to printf1.o(x$fpl$printf1) for _printf_fp_dec
    main.o(.ARM.exidx.text.initIRQ) refers (Special) to _printf_percent.o(.ARM.Collect$$_printf_percent$$00000000) for _printf_percent
    main.o(.ARM.exidx.text.initIRQ) refers (Special) to _printf_d.o(.ARM.Collect$$_printf_percent$$00000009) for _printf_d
    main.o(.ARM.exidx.text.initIRQ) refers (Special) to _printf_f.o(.ARM.Collect$$_printf_percent$$00000003) for _printf_f
    main.o(.ARM.exidx.text.initIRQ) refers (Special) to _printf_dec.o(.text) for _printf_int_dec
    main.o(.ARM.exidx.text.initIRQ) refers (Special) to printf1.o(x$fpl$printf1) for _printf_fp_dec
    main.o(.ARM.exidx.text.initIRQ) refers to main.o(.text.initIRQ) for [Anonymous Symbol]
    main.o(.text.initTimer) refers (Special) to _printf_percent.o(.ARM.Collect$$_printf_percent$$00000000) for _printf_percent
    main.o(.text.initTimer) refers (Special) to _printf_d.o(.ARM.Collect$$_printf_percent$$00000009) for _printf_d
    main.o(.text.initTimer) refers (Special) to _printf_f.o(.ARM.Collect$$_printf_percent$$00000003) for _printf_f
    main.o(.text.initTimer) refers (Special) to _printf_dec.o(.text) for _printf_int_dec
    main.o(.text.initTimer) refers (Special) to printf1.o(x$fpl$printf1) for _printf_fp_dec
    main.o(.text.initTimer) refers to system_stm32f10x.o(.text.SystemCoreClockUpdate) for SystemCoreClockUpdate
[...]
    Removing main.o(.ARM.exidx.text.initOutput), (8 bytes).
    Removing main.o(.text.initIRQ), (74 bytes).
    Removing main.o(.ARM.exidx.text.initIRQ), (8 bytes).
    Removing main.o(.text.initTimer), (82 bytes).
    Removing main.o(.ARM.exidx.text.initTimer), (8 bytes).
    Removing main.o(.text.Delay), (50 bytes).
    Removing main.o(.ARM.exidx.text.Delay), (8 bytes).
    Removing main.o(.ARM.exidx.text.reflection), (8 bytes).
    Removing main.o(.ARM.exidx.text.diverging), (8 bytes).
    Removing main.o(.ARM.exidx.text.colliding), (8 bytes).
    Removing main.o(.ARM.exidx.text.main), (8 bytes).
    Removing main.o(.ARM.exidx.text.Firerun), (8 bytes).
    Removing main.o(.ARM.exidx.text.EXTI0_IRQHandler), (8 bytes).
    Removing main.o(.ARM.exidx.text.EXTI1_IRQHandler), (8 bytes).
    Removing main.o(.ARM.exidx.text.EXTI2_IRQHandler), (8 bytes).
    Removing main.o(.ARM.exidx.text.EXTI15_10_IRQHandler), (8 bytes).
    Removing main.o(.ARM.use_no_argv), (4 bytes).
    Removing retarget_io.o(.text), (0 bytes).
    Removing retarget_io.o(.text.ITM_SendChar), (46 bytes).
    Removing retarget_io.o(.ARM.exidx.text.ITM_SendChar), (8 bytes).
    Removing retarget_io.o(.text.ITM_ReceiveChar), (32 bytes).
    Removing retarget_io.o(.ARM.exidx.text.ITM_ReceiveChar), (8 bytes).
    Removing retarget_io.o(.ARM.exidx.text._sys_open), (8 bytes).
    Removing retarget_io.o(.ARM.exidx.text._sys_close), (8 bytes).
    Removing retarget_io.o(.ARM.exidx.text._sys_write), (8 bytes).
    Removing retarget_io.o(.text._sys_read), (20 bytes).
    Removing retarget_io.o(.ARM.exidx.text._sys_read), (8 bytes).
    Removing retarget_io.o(.ARM.exidx.text._sys_istty), (8 bytes).
    Removing retarget_io.o(.ARM.exidx.text._sys_seek), (8 bytes).
    Removing retarget_io.o(.ARM.exidx.text._sys_flen), (8 bytes).
    Removing retarget_io.o(.data.ITM_RxBuffer), (4 bytes).
    Removing system_stm32f10x.o(.text), (0 bytes).
    Removing system_stm32f10x.o(.ARM.exidx.text.SystemInit), (8 bytes).
    Removing system_stm32f10x.o(.ARM.exidx.text.SystemCoreClockUpdate), (8 bytes).

38 unused section(s) (total 630 bytes) removed from the image.

==============================================================================

Image Symbol Table

    Local Symbols

    Symbol Name                              Value     Ov Type        Size  Object(Section)

    ../clib/angel/boardlib.s                 0x00000000   Number         0  boardinit1.o ABSOLUTE
    ../clib/angel/boardlib.s                 0x00000000   Number         0  boardinit2.o ABSOLUTE
    ../clib/angel/boardlib.s                 0x00000000   Number         0  boardinit3.o ABSOLUTE
    ../clib/angel/boardlib.s                 0x00000000   Number         0  boardshut.o ABSOLUTE
    ../clib/angel/handlers.s                 0x00000000   Number         0  __scatter_copy.o ABSOLUTE
    ../clib/angel/handlers.s                 0x00000000   Number         0  __scatter_zi.o ABSOLUTE
    ../clib/angel/kernel.s                   0x00000000   Number         0  __rtentry.o ABSOLUTE
    ../clib/angel/kernel.s                   0x00000000   Number         0  __rtentry2.o ABSOLUTE
    ../clib/angel/kernel.s                   0x00000000   Number         0  __rtentry4.o ABSOLUTE
    ../clib/angel/kernel.s                   0x00000000   Number         0  rtexit.o ABSOLUTE
    ../clib/angel/kernel.s                   0x00000000   Number         0  rtexit2.o ABSOLUTE
    ../clib/angel/rt.s                       0x00000000   Number         0  rt_locale.o ABSOLUTE
    ../clib/angel/rt.s                       0x00000000   Number         0  rt_locale_intlibspace.o ABSOLUTE
    ../clib/angel/rt.s                       0x00000000   Number         0  rt_raise.o ABSOLUTE
    ../clib/angel/rt.s                       0x00000000   Number         0  rt_heap_descriptor.o ABSOLUTE
    ../clib/angel/rt.s                       0x00000000   Number         0  rt_heap_descriptor_intlibspace.o ABSOLUTE
    ../clib/angel/rt.s                       0x00000000   Number         0  rt_errno_addr.o ABSOLUTE
    ../clib/angel/rt.s                       0x00000000   Number         0  rt_errno_addr_intlibspace.o ABSOLUTE
    ../clib/angel/scatter.s                  0x00000000   Number         0  __scatter.o ABSOLUTE
    ../clib/angel/startup.s                  0x00000000   Number         0  __main.o ABSOLUTE
    ../clib/angel/sys.s                      0x00000000   Number         0  libspace.o ABSOLUTE
    ../clib/angel/sys.s                      0x00000000   Number         0  mutex_dummy.o ABSOLUTE
    ../clib/angel/sys.s                      0x00000000   Number         0  sys_stackheap_outer.o ABSOLUTE
    ../clib/angel/sys.s                      0x00000000   Number         0  use_no_semi.o ABSOLUTE
    ../clib/angel/sys.s                      0x00000000   Number         0  indicate_semi.o ABSOLUTE
    ../clib/angel/sysapp.c                   0x00000000   Number         0  sys_command.o ABSOLUTE
    ../clib/angel/sysapp.c                   0x00000000   Number         0  sys_exit.o ABSOLUTE
    ../clib/angel/sysapp.c                   0x00000000   Number         0  sys_command_hlt.o ABSOLUTE
    ../clib/angel/sysapp.c                   0x00000000   Number         0  sys_exit_hlt.o ABSOLUTE
    ../clib/angel/sysapp.c                   0x00000000   Number         0  sys_wrch.o ABSOLUTE
    ../clib/angel/sysapp.c                   0x00000000   Number         0  sys_wrch_hlt.o ABSOLUTE
    ../clib/armsys.c                         0x00000000   Number         0  _get_argv.o ABSOLUTE
    ../clib/armsys.c                         0x00000000   Number         0  argv_veneer.o ABSOLUTE
    ../clib/armsys.c                         0x00000000   Number         0  argv_veneer.o ABSOLUTE
    ../clib/armsys.c                         0x00000000   Number         0  _get_argv_nomalloc.o ABSOLUTE
    ../clib/armsys.c                         0x00000000   Number         0  no_argv.o ABSOLUTE
    ../clib/assert.c                         0x00000000   Number         0  assert_stdio.o ABSOLUTE
    ../clib/bigflt.c                         0x00000000   Number         0  bigflt0.o ABSOLUTE
    ../clib/btod.s                           0x00000000   Number         0  btod.o ABSOLUTE
    ../clib/btod_accurate.c                  0x00000000   Number         0  btod_accurate.o ABSOLUTE
    ../clib/btod_accurate.c                  0x00000000   Number         0  btod_accurate_common.o ABSOLUTE
    ../clib/heap1.c                          0x00000000   Number         0  h1_alloc.o ABSOLUTE
    ../clib/heap1.c                          0x00000000   Number         0  h1_free.o ABSOLUTE
    ../clib/heap1.c                          0x00000000   Number         0  h1_alloc_threads.o ABSOLUTE
    ../clib/heap1.c                          0x00000000   Number         0  h1_free_threads.o ABSOLUTE
    ../clib/heap1.c                          0x00000000   Number         0  h1_init.o ABSOLUTE
    ../clib/heap1.c                          0x00000000   Number         0  h1_init_threads.o ABSOLUTE
    ../clib/heap1.c                          0x00000000   Number         0  h1_extend.o ABSOLUTE
    ../clib/heap1.c                          0x00000000   Number         0  h1_extend_threads.o ABSOLUTE
    ../clib/heap1.c                          0x00000000   Number         0  h1_final.o ABSOLUTE
    ../clib/heap1.c                          0x00000000   Number         0  h1_final_threads.o ABSOLUTE
    ../clib/heap2.c                          0x00000000   Number         0  heap2.o ABSOLUTE
    ../clib/heap2.c                          0x00000000   Number         0  heap2_threads.o ABSOLUTE
    ../clib/heap2.c                          0x00000000   Number         0  fdtree.o ABSOLUTE
    ../clib/heapalloc.c                      0x00000000   Number         0  malloc.o ABSOLUTE
    ../clib/heapalloc.c                      0x00000000   Number         0  free.o ABSOLUTE
    ../clib/heapalloc.c                      0x00000000   Number         0  hguard.o ABSOLUTE
    ../clib/heapalloc.c                      0x00000000   Number         0  init_alloc.o ABSOLUTE
    ../clib/heapalloc.c                      0x00000000   Number         0  heapstubs.o ABSOLUTE
    ../clib/heapalloc.c                      0x00000000   Number         0  hrguard.o ABSOLUTE
    ../clib/heapalloc.c                      0x00000000   Number         0  term_alloc.o ABSOLUTE
    ../clib/heapaux.c                        0x00000000   Number         0  heapauxi.o ABSOLUTE
    ../clib/heapaux.c                        0x00000000   Number         0  heapauxa.o ABSOLUTE
    ../clib/libinit.s                        0x00000000   Number         0  libinit.o ABSOLUTE
    ../clib/libinit.s                        0x00000000   Number         0  libinit2.o ABSOLUTE
    ../clib/libinit.s                        0x00000000   Number         0  libshutdown2.o ABSOLUTE
    ../clib/libinit.s                        0x00000000   Number         0  libshutdown.o ABSOLUTE
    ../clib/locale.s                         0x00000000   Number         0  lc_numeric_c.o ABSOLUTE
    ../clib/longlong.s                       0x00000000   Number         0  lludiv10.o ABSOLUTE
    ../clib/longlong.s                       0x00000000   Number         0  llushr.o ABSOLUTE
    ../clib/maybe.s                          0x00000000   Number         0  maybetermalloc1.o ABSOLUTE
    ../clib/maybe.s                          0x00000000   Number         0  maybetermalloc2.o ABSOLUTE
    ../clib/memcpset.s                       0x00000000   Number         0  strcmpv7m.o ABSOLUTE
    ../clib/memcpset.s                       0x00000000   Number         0  rt_memclr_w.o ABSOLUTE
    ../clib/memcpset.s                       0x00000000   Number         0  rt_memcpy_v6.o ABSOLUTE
    ../clib/memcpset.s                       0x00000000   Number         0  rt_memcpy_w.o ABSOLUTE
    ../clib/printf.c                         0x00000000   Number         0  __2printf.o ABSOLUTE
    ../clib/printf.c                         0x00000000   Number         0  noretval__2printf.o ABSOLUTE
    ../clib/printf.c                         0x00000000   Number         0  __printf.o ABSOLUTE
    ../clib/printf.c                         0x00000000   Number         0  _printf_dec.o ABSOLUTE
    ../clib/printf.c                         0x00000000   Number         0  __printf_flags.o ABSOLUTE
    ../clib/printf.c                         0x00000000   Number         0  __printf_ss.o ABSOLUTE
    ../clib/printf.c                         0x00000000   Number         0  __printf_flags_ss.o ABSOLUTE
    ../clib/printf.c                         0x00000000   Number         0  __printf_wp.o ABSOLUTE
    ../clib/printf.c                         0x00000000   Number         0  __printf_flags_wp.o ABSOLUTE
    ../clib/printf.c                         0x00000000   Number         0  __printf_ss_wp.o ABSOLUTE
    ../clib/printf.c                         0x00000000   Number         0  __printf_flags_ss_wp.o ABSOLUTE
    ../clib/printf.c                         0x00000000   Number         0  _printf_intcommon.o ABSOLUTE
    ../clib/printf.c                         0x00000000   Number         0  _printf_fp_dec.o ABSOLUTE
    ../clib/printf.c                         0x00000000   Number         0  _printf_fp_dec_accurate.o ABSOLUTE
    ../clib/printf.c                         0x00000000   Number         0  _printf_char_file.o ABSOLUTE
    ../clib/printf.c                         0x00000000   Number         0  _printf_char_common.o ABSOLUTE
    ../clib/printf.c                         0x00000000   Number         0  _printf_fp_infnan.o ABSOLUTE
    ../clib/printf.c                         0x00000000   Number         0  __printf_nopercent.o ABSOLUTE
    ../clib/printf.c                         0x00000000   Number         0  _printf_char_file_locked.o ABSOLUTE
    ../clib/printf_percent.s                 0x00000000   Number         0  _printf_d.o ABSOLUTE
    ../clib/printf_percent.s                 0x00000000   Number         0  _printf_f.o ABSOLUTE
    ../clib/printf_percent.s                 0x00000000   Number         0  _printf_percent.o ABSOLUTE
    ../clib/printf_percent.s                 0x00000000   Number         0  _printf_percent_end.o ABSOLUTE
    ../clib/signal.c                         0x00000000   Number         0  defsig_rtred_outer.o ABSOLUTE
    ../clib/signal.c                         0x00000000   Number         0  defsig_rtred_formal.o ABSOLUTE
    ../clib/signal.c                         0x00000000   Number         0  defsig_exit.o ABSOLUTE
    ../clib/signal.c                         0x00000000   Number         0  defsig_rtred_inner.o ABSOLUTE
    ../clib/signal.c                         0x00000000   Number         0  __raise.o ABSOLUTE
    ../clib/signal.c                         0x00000000   Number         0  defsig_general.o ABSOLUTE
    ../clib/signal.c                         0x00000000   Number         0  defsig_rtmem_outer.o ABSOLUTE
    ../clib/signal.c                         0x00000000   Number         0  defsig_rtmem_formal.o ABSOLUTE
    ../clib/signal.c                         0x00000000   Number         0  defsig_rtmem_inner.o ABSOLUTE
    ../clib/signal.c                         0x00000000   Number         0  defsig_abrt_inner.o ABSOLUTE
    ../clib/signal.c                         0x00000000   Number         0  defsig_fpe_inner.o ABSOLUTE
    ../clib/signal.c                         0x00000000   Number         0  defsig_stak_inner.o ABSOLUTE
    ../clib/signal.c                         0x00000000   Number         0  defsig_pvfn_inner.o ABSOLUTE
    ../clib/signal.c                         0x00000000   Number         0  defsig_cppl_inner.o ABSOLUTE
    ../clib/signal.c                         0x00000000   Number         0  defsig_segv_inner.o ABSOLUTE
    ../clib/signal.c                         0x00000000   Number         0  defsig_other.o ABSOLUTE
    ../clib/signal.s                         0x00000000   Number         0  defsig.o ABSOLUTE
    ../clib/stdio.c                          0x00000000   Number         0  puts.o ABSOLUTE
    ../clib/stdio.c                          0x00000000   Number         0  fputc.o ABSOLUTE
    ../clib/stdio.c                          0x00000000   Number         0  stdio_streams.o ABSOLUTE
    ../clib/stdio.c                          0x00000000   Number         0  fputc_locked.o ABSOLUTE
    ../clib/stdio.c                          0x00000000   Number         0  ferror.o ABSOLUTE
    ../clib/stdio.c                          0x00000000   Number         0  flsbuf.o ABSOLUTE
    ../clib/stdio.c                          0x00000000   Number         0  initio.o ABSOLUTE
    ../clib/stdio.c                          0x00000000   Number         0  ferror_locked.o ABSOLUTE
    ../clib/stdio.c                          0x00000000   Number         0  initio_locked.o ABSOLUTE
    ../clib/stdio.c                          0x00000000   Number         0  setvbuf.o ABSOLUTE
    ../clib/stdio.c                          0x00000000   Number         0  stdio.o ABSOLUTE
    ../clib/stdio.c                          0x00000000   Number         0  fwritefast.o ABSOLUTE
    ../clib/stdio.c                          0x00000000   Number         0  streamlock.o ABSOLUTE
    ../clib/stdio.c                          0x00000000   Number         0  fopen.o ABSOLUTE
    ../clib/stdio.c                          0x00000000   Number         0  fclose.o ABSOLUTE
    ../clib/stdio.c                          0x00000000   Number         0  puts_locked.o ABSOLUTE
    ../clib/stdio.c                          0x00000000   Number         0  setvbuf_locked.o ABSOLUTE
    ../clib/stdio.c                          0x00000000   Number         0  fopen_locked.o ABSOLUTE
    ../clib/stdio.c                          0x00000000   Number         0  fwritefast_locked.o ABSOLUTE
    ../clib/stdio.c                          0x00000000   Number         0  fflush.o ABSOLUTE
    ../clib/stdio.c                          0x00000000   Number         0  fputs.o ABSOLUTE
    ../clib/stdio.c                          0x00000000   Number         0  fseek.o ABSOLUTE
    ../clib/stdio.c                          0x00000000   Number         0  fputs_locked.o ABSOLUTE
    ../clib/stdio.c                          0x00000000   Number         0  fflush_locked.o ABSOLUTE
    ../clib/stdio.c                          0x00000000   Number         0  ftell.o ABSOLUTE
    ../clib/stdlib.c                         0x00000000   Number         0  exit.o ABSOLUTE
    ../clib/wchar.c                          0x00000000   Number         0  flsbuf_fwide.o ABSOLUTE
    ../fplib/dretinf.s                       0x00000000   Number         0  dretinf.o ABSOLUTE
    ../fplib/f2d.s                           0x00000000   Number         0  f2d.o ABSOLUTE
    ../fplib/fcmp.s                          0x00000000   Number         0  fcmp.o ABSOLUTE
    ../fplib/fcmpi.s                         0x00000000   Number         0  fcmpi.o ABSOLUTE
    ../fplib/feqf.s                          0x00000000   Number         0  feqf.o ABSOLUTE
    ../fplib/ffix.s                          0x00000000   Number         0  ffix.o ABSOLUTE
    ../fplib/fgeqf.s                         0x00000000   Number         0  fgeqf.o ABSOLUTE
    ../fplib/fleqf.s                         0x00000000   Number         0  fleqf.o ABSOLUTE
    ../fplib/fnaninf.s                       0x00000000   Number         0  fnaninf.o ABSOLUTE
    ../fplib/fpinit.s                        0x00000000   Number         0  fpinit.o ABSOLUTE
    ../fplib/fpinit_empty.s                  0x00000000   Number         0  fpinit_empty.o ABSOLUTE
    ../fplib/istatus.s                       0x00000000   Number         0  istatus.o ABSOLUTE
    ../fplib/printf1.s                       0x00000000   Number         0  printf1.o ABSOLUTE
    ../fplib/usenofp.s                       0x00000000   Number         0  usenofp.o ABSOLUTE
    ../mathlib/fpclassify.c                  0x00000000   Number         0  fpclassify.o ABSOLUTE
    RTE/Device/STM32F103C8/startup_stm32f10x_md.s 0x00000000   Number         0  startup_stm32f10x_md.o ABSOLUTE
    dc.s                                     0x00000000   Number         0  dc.o ABSOLUTE
    main.c                                   0x00000000   Number         0  main.o ABSOLUTE
    retarget_io.c                            0x00000000   Number         0  retarget_io.o ABSOLUTE
    system_stm32f10x.c                       0x00000000   Number         0  system_stm32f10x.o ABSOLUTE
    RESET                                    0x08000000   Section      236  startup_stm32f10x_md.o(RESET)
    !!!main                                  0x080000ec   Section        8  __main.o(!!!main)
    !!!scatter                               0x080000f4   Section       52  __scatter.o(!!!scatter)
    !!handler_copy                           0x08000128   Section       26  __scatter_copy.o(!!handler_copy)
    !!handler_zi                             0x08000144   Section       28  __scatter_zi.o(!!handler_zi)
    .ARM.Collect$$_printf_percent$$00000000  0x08000160   Section        0  _printf_percent.o(.ARM.Collect$$_printf_percent$$00000000)
    .ARM.Collect$$_printf_percent$$00000003  0x08000160   Section        6  _printf_f.o(.ARM.Collect$$_printf_percent$$00000003)
    .ARM.Collect$$_printf_percent$$00000009  0x08000166   Section        6  _printf_d.o(.ARM.Collect$$_printf_percent$$00000009)
    .ARM.Collect$$_printf_percent$$00000017  0x0800016c   Section        4  _printf_percent_end.o(.ARM.Collect$$_printf_percent$$00000017)
    .ARM.Collect$$libinit$$00000000          0x08000170   Section        2  libinit.o(.ARM.Collect$$libinit$$00000000)
    .ARM.Collect$$libinit$$00000002          0x08000172   Section        0  libinit2.o(.ARM.Collect$$libinit$$00000002)
    .ARM.Collect$$libinit$$00000004          0x08000172   Section        0  libinit2.o(.ARM.Collect$$libinit$$00000004)
    .ARM.Collect$$libinit$$00000006          0x08000172   Section        0  libinit2.o(.ARM.Collect$$libinit$$00000006)
    .ARM.Collect$$libinit$$00000007          0x08000172   Section        8  libinit2.o(.ARM.Collect$$libinit$$00000007)
    .ARM.Collect$$libinit$$0000000C          0x0800017a   Section        0  libinit2.o(.ARM.Collect$$libinit$$0000000C)
    .ARM.Collect$$libinit$$0000000E          0x0800017a   Section        0  libinit2.o(.ARM.Collect$$libinit$$0000000E)
    .ARM.Collect$$libinit$$00000010          0x0800017a   Section        0  libinit2.o(.ARM.Collect$$libinit$$00000010)
    .ARM.Collect$$libinit$$00000011          0x0800017a   Section        6  libinit2.o(.ARM.Collect$$libinit$$00000011)
    .ARM.Collect$$libinit$$00000013          0x08000180   Section        0  libinit2.o(.ARM.Collect$$libinit$$00000013)
    .ARM.Collect$$libinit$$00000015          0x08000180   Section        0  libinit2.o(.ARM.Collect$$libinit$$00000015)
    .ARM.Collect$$libinit$$00000017          0x08000180   Section        0  libinit2.o(.ARM.Collect$$libinit$$00000017)
    .ARM.Collect$$libinit$$00000018          0x08000180   Section       10  libinit2.o(.ARM.Collect$$libinit$$00000018)
    .ARM.Collect$$libinit$$00000019          0x0800018a   Section        0  libinit2.o(.ARM.Collect$$libinit$$00000019)
    .ARM.Collect$$libinit$$0000001B          0x0800018a   Section        0  libinit2.o(.ARM.Collect$$libinit$$0000001B)
    .ARM.Collect$$libinit$$0000001D          0x0800018a   Section        0  libinit2.o(.ARM.Collect$$libinit$$0000001D)
    .ARM.Collect$$libinit$$0000001F          0x0800018a   Section        0  libinit2.o(.ARM.Collect$$libinit$$0000001F)
    .ARM.Collect$$libinit$$00000021          0x0800018a   Section        0  libinit2.o(.ARM.Collect$$libinit$$00000021)
    .ARM.Collect$$libinit$$00000023          0x0800018a   Section        0  libinit2.o(.ARM.Collect$$libinit$$00000023)
    .ARM.Collect$$libinit$$00000025          0x0800018a   Section        0  libinit2.o(.ARM.Collect$$libinit$$00000025)
    .ARM.Collect$$libinit$$00000026          0x0800018a   Section        4  libinit2.o(.ARM.Collect$$libinit$$00000026)
    .ARM.Collect$$libinit$$00000027          0x0800018e   Section        0  libinit2.o(.ARM.Collect$$libinit$$00000027)
    .ARM.Collect$$libinit$$0000002E          0x0800018e   Section        0  libinit2.o(.ARM.Collect$$libinit$$0000002E)
    .ARM.Collect$$libinit$$00000030          0x0800018e   Section        0  libinit2.o(.ARM.Collect$$libinit$$00000030)
    .ARM.Collect$$libinit$$00000032          0x0800018e   Section        0  libinit2.o(.ARM.Collect$$libinit$$00000032)
    .ARM.Collect$$libinit$$00000034          0x0800018e   Section        0  libinit2.o(.ARM.Collect$$libinit$$00000034)
    .ARM.Collect$$libinit$$00000035          0x0800018e   Section        2  libinit2.o(.ARM.Collect$$libinit$$00000035)
    .ARM.Collect$$libshutdown$$00000000      0x08000190   Section        2  libshutdown.o(.ARM.Collect$$libshutdown$$00000000)
    .ARM.Collect$$libshutdown$$00000002      0x08000192   Section        0  libshutdown2.o(.ARM.Collect$$libshutdown$$00000002)
    .ARM.Collect$$libshutdown$$00000003      0x08000192   Section        4  libshutdown2.o(.ARM.Collect$$libshutdown$$00000003)
    .ARM.Collect$$libshutdown$$00000004      0x08000196   Section        0  libshutdown2.o(.ARM.Collect$$libshutdown$$00000004)
    .ARM.Collect$$libshutdown$$00000007      0x08000196   Section        0  libshutdown2.o(.ARM.Collect$$libshutdown$$00000007)
    .ARM.Collect$$libshutdown$$0000000A      0x08000196   Section        0  libshutdown2.o(.ARM.Collect$$libshutdown$$0000000A)
    .ARM.Collect$$libshutdown$$0000000C      0x08000196   Section        0  libshutdown2.o(.ARM.Collect$$libshutdown$$0000000C)
    .ARM.Collect$$libshutdown$$0000000F      0x08000196   Section        0  libshutdown2.o(.ARM.Collect$$libshutdown$$0000000F)
    .ARM.Collect$$libshutdown$$00000010      0x08000196   Section        2  libshutdown2.o(.ARM.Collect$$libshutdown$$00000010)
    .ARM.Collect$$rtentry$$00000000          0x08000198   Section        0  __rtentry.o(.ARM.Collect$$rtentry$$00000000)
    .ARM.Collect$$rtentry$$00000002          0x08000198   Section        0  __rtentry2.o(.ARM.Collect$$rtentry$$00000002)
    .ARM.Collect$$rtentry$$00000004          0x08000198   Section        6  __rtentry4.o(.ARM.Collect$$rtentry$$00000004)
    .ARM.Collect$$rtentry$$00000009          0x0800019e   Section        0  __rtentry2.o(.ARM.Collect$$rtentry$$00000009)
    .ARM.Collect$$rtentry$$0000000A          0x0800019e   Section        4  __rtentry2.o(.ARM.Collect$$rtentry$$0000000A)
    .ARM.Collect$$rtentry$$0000000C          0x080001a2   Section        0  __rtentry2.o(.ARM.Collect$$rtentry$$0000000C)
    .ARM.Collect$$rtentry$$0000000D          0x080001a2   Section        8  __rtentry2.o(.ARM.Collect$$rtentry$$0000000D)
    .ARM.Collect$$rtexit$$00000000           0x080001aa   Section        2  rtexit.o(.ARM.Collect$$rtexit$$00000000)
    .ARM.Collect$$rtexit$$00000002           0x080001ac   Section        0  rtexit2.o(.ARM.Collect$$rtexit$$00000002)
    .ARM.Collect$$rtexit$$00000003           0x080001ac   Section        4  rtexit2.o(.ARM.Collect$$rtexit$$00000003)
    .ARM.Collect$$rtexit$$00000004           0x080001b0   Section        6  rtexit2.o(.ARM.Collect$$rtexit$$00000004)
    .text                                    0x080001b8   Section       64  startup_stm32f10x_md.o(.text)
    .text                                    0x080001f8   Section        0  noretval__2printf.o(.text)
    .text                                    0x08000210   Section        0  __printf.o(.text)
    .text                                    0x08000278   Section        0  _printf_dec.o(.text)
    .text                                    0x080002f0   Section        0  puts.o(.text)
    .text                                    0x0800031c   Section      128  strcmpv7m.o(.text)
    .text                                    0x0800039c   Section        0  heapauxi.o(.text)
    .text                                    0x080003a2   Section        0  _printf_intcommon.o(.text)
    _fp_digits                               0x08000455   Thumb Code   432  _printf_fp_dec.o(.text)
    .text                                    0x08000454   Section        0  _printf_fp_dec.o(.text)
    .text                                    0x08000870   Section        0  _printf_char_file.o(.text)
    .text                                    0x08000894   Section        8  rt_locale_intlibspace.o(.text)
    .text                                    0x0800089c   Section      138  lludiv10.o(.text)
    _printf_input_char                       0x08000929   Thumb Code    10  _printf_char_common.o(.text)
    .text                                    0x08000928   Section        0  _printf_char_common.o(.text)
    .text                                    0x08000958   Section        0  _printf_fp_infnan.o(.text)
    .text                                    0x080009d8   Section        0  bigflt0.o(.text)
    .text                                    0x08000abc   Section        0  ferror.o(.text)
    .text                                    0x08000ac4   Section        0  flsbuf.o(.text)
    .text                                    0x08000ca8   Section        0  initio.o(.text)
    .text                                    0x08000de0   Section        8  libspace.o(.text)
    .text                                    0x08000de8   Section       74  sys_stackheap_outer.o(.text)
    .text                                    0x08000e32   Section        0  h1_alloc.o(.text)
    .text                                    0x08000e90   Section        0  h1_free.o(.text)
    .text                                    0x08000ede   Section        0  setvbuf.o(.text)
    .text                                    0x08000f24   Section        0  stdio.o(.text)
    _freopen_locked                          0x0800102d   Thumb Code     0  fopen.o(.text)
    .text                                    0x0800102c   Section        0  fopen.o(.text)
    .text                                    0x0800111c   Section        0  fclose.o(.text)
    .text                                    0x08001168   Section        0  exit.o(.text)
    .text                                    0x0800117a   Section        0  defsig_rtred_outer.o(.text)
    .text                                    0x08001188   Section       78  rt_memclr_w.o(.text)
    .text                                    0x080011d8   Section        8  rt_heap_descriptor_intlibspace.o(.text)
    .text                                    0x080011e0   Section        0  hguard.o(.text)
    .text                                    0x080011e4   Section        0  init_alloc.o(.text)
    .text                                    0x0800126e   Section        0  h1_init.o(.text)
    .text                                    0x0800127c   Section        0  fseek.o(.text)
    .text                                    0x08001374   Section        0  defsig_exit.o(.text)
    .text                                    0x08001380   Section        0  defsig_rtred_inner.o(.text)
    .text                                    0x080013b4   Section        0  sys_exit.o(.text)
    .text                                    0x080013c0   Section        0  maybetermalloc1.o(.text)
    .text                                    0x080013c0   Section        0  h1_extend.o(.text)
    .text                                    0x080013f4   Section        0  ftell.o(.text)
    .text                                    0x08001436   Section        0  defsig_general.o(.text)
    .text                                    0x08001468   Section        0  defsig_rtmem_outer.o(.text)
    .text                                    0x08001476   Section        0  sys_wrch.o(.text)
    .text                                    0x08001484   Section        2  use_no_semi.o(.text)
    .text                                    0x08001486   Section        0  indicate_semi.o(.text)
    .text                                    0x08001488   Section        8  rt_errno_addr_intlibspace.o(.text)
    .text                                    0x08001490   Section        0  defsig_rtmem_inner.o(.text)
    [Anonymous Symbol]                       0x080014e0   Section        0  main.o(.text.EXTI0_IRQHandler)
    [Anonymous Symbol]                       0x0800150c   Section        0  main.o(.text.EXTI15_10_IRQHandler)
    [Anonymous Symbol]                       0x08001524   Section        0  main.o(.text.EXTI1_IRQHandler)
    [Anonymous Symbol]                       0x08001574   Section        0  main.o(.text.EXTI2_IRQHandler)
    [Anonymous Symbol]                       0x080015a0   Section        0  main.o(.text.Firerun)
    [Anonymous Symbol]                       0x08001648   Section        0  system_stm32f10x.o(.text.SystemCoreClockUpdate)
    [Anonymous Symbol]                       0x080016b8   Section        0  system_stm32f10x.o(.text.SystemInit)
    [Anonymous Symbol]                       0x080017c8   Section        0  retarget_io.o(.text._sys_close)
    [Anonymous Symbol]                       0x080017dc   Section        0  retarget_io.o(.text._sys_flen)
    [Anonymous Symbol]                       0x080017e0   Section        0  retarget_io.o(.text._sys_istty)
    [Anonymous Symbol]                       0x080017f0   Section        0  retarget_io.o(.text._sys_open)
    [Anonymous Symbol]                       0x0800184c   Section        0  retarget_io.o(.text._sys_seek)
    [Anonymous Symbol]                       0x08001854   Section        0  retarget_io.o(.text._sys_write)
    [Anonymous Symbol]                       0x080018b4   Section        0  main.o(.text.colliding)
    [Anonymous Symbol]                       0x08001c98   Section        0  main.o(.text.diverging)
    [Anonymous Symbol]                       0x08001fa8   Section        0  main.o(.text.main)
    [Anonymous Symbol]                       0x080020d8   Section        0  main.o(.text.reflection)
    CL$$btod_d2e                             0x080027da   Section       62  btod.o(CL$$btod_d2e)
    CL$$btod_d2e_denorm_low                  0x08002818   Section       70  btod.o(CL$$btod_d2e_denorm_low)
    CL$$btod_d2e_norm_op1                    0x0800285e   Section       96  btod.o(CL$$btod_d2e_norm_op1)
    CL$$btod_div_common                      0x080028c0   Section      824  btod.o(CL$$btod_div_common)
    CL$$btod_e2e                             0x08002bf8   Section      220  btod.o(CL$$btod_e2e)
    CL$$btod_ediv                            0x08002cd4   Section       42  btod.o(CL$$btod_ediv)
    CL$$btod_emul                            0x08002cfe   Section       42  btod.o(CL$$btod_emul)
    CL$$btod_mult_common                     0x08002d28   Section      580  btod.o(CL$$btod_mult_common)
    i.__ARM_fpclassify                       0x08002f6c   Section        0  fpclassify.o(i.__ARM_fpclassify)
    i.fputc                                  0x08002f94   Section        0  fputc.o(i.fputc)
    locale$$code                             0x08002fb0   Section       44  lc_numeric_c.o(locale$$code)
    x$fpl$dretinf                            0x08002fdc   Section       12  dretinf.o(x$fpl$dretinf)
    x$fpl$f2d                                0x08002fe8   Section       86  f2d.o(x$fpl$f2d)
    x$fpl$fcmp                               0x0800303e   Section       84  fcmp.o(x$fpl$fcmp)
    x$fpl$fcmpinf                            0x08003092   Section       24  fcmpi.o(x$fpl$fcmpinf)
    x$fpl$feqf                               0x080030ac   Section      104  feqf.o(x$fpl$feqf)
    x$fpl$ffix                               0x08003114   Section       54  ffix.o(x$fpl$ffix)
    x$fpl$fgeqf                              0x0800314c   Section      104  fgeqf.o(x$fpl$fgeqf)
    x$fpl$fleqf                              0x080031b4   Section      104  fleqf.o(x$fpl$fleqf)
    x$fpl$fnaninf                            0x0800321c   Section      140  fnaninf.o(x$fpl$fnaninf)
    x$fpl$printf1                            0x080032a8   Section        4  printf1.o(x$fpl$printf1)
    tenpwrs_x                                0x080032ac   Data          60  bigflt0.o(.constdata)
    .constdata                               0x080032ac   Section      148  bigflt0.o(.constdata)
    x$fpl$usenofp                            0x080032ac   Section        0  usenofp.o(x$fpl$usenofp)
    tenpwrs_i                                0x080032e8   Data          64  bigflt0.o(.constdata)
    [Anonymous Symbol]                       0x08003367   Section        0  main.o(.rodata.str1.1)
    locale$$data                             0x080033e0   Section       28  lc_numeric_c.o(locale$$data)
    __lcnum_c_name                           0x080033e4   Data           2  lc_numeric_c.o(locale$$data)
    __lcnum_c_start                          0x080033ec   Data           0  lc_numeric_c.o(locale$$data)
    __lcnum_c_point                          0x080033f8   Data           0  lc_numeric_c.o(locale$$data)
    __lcnum_c_thousands                      0x080033fa   Data           0  lc_numeric_c.o(locale$$data)
    __lcnum_c_grouping                       0x080033fb   Data           0  lc_numeric_c.o(locale$$data)
    __lcnum_c_end                            0x080033fc   Data           0  lc_numeric_c.o(locale$$data)
    .data                                    0x20000000   Section        4  stdio_streams.o(.data)
    .data                                    0x20000004   Section        4  stdio_streams.o(.data)
    .data                                    0x20000008   Section        4  stdio_streams.o(.data)
    fireworks                                0x20000010   Data           1  main.o(.data.fireworks)
    [Anonymous Symbol]                       0x20000010   Section        0  main.o(.data.fireworks)
    speed                                    0x20000014   Data           4  main.o(.data.speed)
    [Anonymous Symbol]                       0x20000014   Section        0  main.o(.data.speed)
    .bss                                     0x20000018   Section       84  stdio_streams.o(.bss)
    .bss                                     0x2000006c   Section       84  stdio_streams.o(.bss)
    .bss                                     0x200000c0   Section       84  stdio_streams.o(.bss)
    .bss                                     0x20000114   Section       96  libspace.o(.bss)
    Heap_Mem                                 0x20000178   Data         512  startup_stm32f10x_md.o(HEAP)
    HEAP                                     0x20000178   Section      512  startup_stm32f10x_md.o(HEAP)
    Stack_Mem                                0x20000378   Data        1024  startup_stm32f10x_md.o(STACK)
    STACK                                    0x20000378   Section     1024  startup_stm32f10x_md.o(STACK)
    __initial_sp                             0x20000778   Data           0  startup_stm32f10x_md.o(STACK)

    Global Symbols

    Symbol Name                              Value     Ov Type        Size  Object(Section)

    BuildAttributes$$THM_ISAv4$P$D$K$B$S$PE$A:L22UL41UL21$X:L11$S22US41US21$IEEE1$IW$~IW$USESV6$~STKCKD$USESV7$~SHL$OTIME$ROPI$IEEEJ$EBA8$UX$STANDARDLIB$REQ8$PRES8$EABIv2 0x00000000   Number         0  anon$$obj.o ABSOLUTE
    __fp_init_empty                          0x00000000   Number         0  fpinit_empty.o ABSOLUTE
    __ARM_exceptions_init                     - Undefined Weak Reference
    __alloca_initialize                       - Undefined Weak Reference
    __arm_preinit_                            - Undefined Weak Reference
    __arm_relocate_pie_                       - Undefined Weak Reference
    __cpp_initialize__aeabi_                  - Undefined Weak Reference
    __cxa_finalize                            - Undefined Weak Reference
    __sigvec_lookup                           - Undefined Weak Reference
    __user_heap_extent                        - Undefined Weak Reference
    _atexit_init                              - Undefined Weak Reference
    _call_atexit_fns                          - Undefined Weak Reference
    _clock_init                               - Undefined Weak Reference
    _fp_trap_init                             - Undefined Weak Reference
    _fp_trap_shutdown                         - Undefined Weak Reference
    _get_lc_collate                           - Undefined Weak Reference
    _get_lc_ctype                             - Undefined Weak Reference
    _get_lc_monetary                          - Undefined Weak Reference
    _get_lc_time                              - Undefined Weak Reference
    _getenv_init                              - Undefined Weak Reference
    _handle_redirection                       - Undefined Weak Reference
    _mutex_acquire                            - Undefined Weak Reference
    _mutex_free                               - Undefined Weak Reference
    _mutex_release                            - Undefined Weak Reference
    _printf_post_padding                      - Undefined Weak Reference
    _printf_pre_padding                       - Undefined Weak Reference
    _printf_truncate_signed                   - Undefined Weak Reference
    _printf_truncate_unsigned                 - Undefined Weak Reference
    _rand_init                                - Undefined Weak Reference
    _signal_finish                            - Undefined Weak Reference
    _signal_init                              - Undefined Weak Reference
    __Vectors_Size                           0x000000ec   Number         0  startup_stm32f10x_md.o ABSOLUTE
    __Vectors                                0x08000000   Data           4  startup_stm32f10x_md.o(RESET)
    __Vectors_End                            0x080000ec   Data           0  startup_stm32f10x_md.o(RESET)
    __main                                   0x080000ed   Thumb Code     8  __main.o(!!!main)
    __scatterload                            0x080000f5   Thumb Code     0  __scatter.o(!!!scatter)
    __scatterload_rt2                        0x080000f5   Thumb Code    44  __scatter.o(!!!scatter)
    __scatterload_rt2_thumb_only             0x080000f5   Thumb Code     0  __scatter.o(!!!scatter)
    __scatterload_null                       0x08000103   Thumb Code     0  __scatter.o(!!!scatter)
    __scatterload_copy                       0x08000129   Thumb Code    26  __scatter_copy.o(!!handler_copy)
    __scatterload_zeroinit                   0x08000145   Thumb Code    28  __scatter_zi.o(!!handler_zi)
    _printf_f                                0x08000161   Thumb Code     0  _printf_f.o(.ARM.Collect$$_printf_percent$$00000003)
    _printf_percent                          0x08000161   Thumb Code     0  _printf_percent.o(.ARM.Collect$$_printf_percent$$00000000)
    _printf_d                                0x08000167   Thumb Code     0  _printf_d.o(.ARM.Collect$$_printf_percent$$00000009)
    _printf_percent_end                      0x0800016d   Thumb Code     0  _printf_percent_end.o(.ARM.Collect$$_printf_percent$$00000017)
    __rt_lib_init                            0x08000171   Thumb Code     0  libinit.o(.ARM.Collect$$libinit$$00000000)
    __rt_lib_init_fp_1                       0x08000173   Thumb Code     0  libinit2.o(.ARM.Collect$$libinit$$00000002)
    __rt_lib_init_heap_2                     0x08000173   Thumb Code     0  libinit2.o(.ARM.Collect$$libinit$$00000007)
    __rt_lib_init_preinit_1                  0x08000173   Thumb Code     0  libinit2.o(.ARM.Collect$$libinit$$00000006)
    __rt_lib_init_relocate_pie_1             0x08000173   Thumb Code     0  libinit2.o(.ARM.Collect$$libinit$$00000004)
    __rt_lib_init_heap_1                     0x0800017b   Thumb Code     0  libinit2.o(.ARM.Collect$$libinit$$0000000C)
    __rt_lib_init_lc_common                  0x0800017b   Thumb Code     0  libinit2.o(.ARM.Collect$$libinit$$00000011)
    __rt_lib_init_rand_1                     0x0800017b   Thumb Code     0  libinit2.o(.ARM.Collect$$libinit$$00000010)
    __rt_lib_init_user_alloc_1               0x0800017b   Thumb Code     0  libinit2.o(.ARM.Collect$$libinit$$0000000E)
    __rt_lib_init_lc_collate_1               0x08000181   Thumb Code     0  libinit2.o(.ARM.Collect$$libinit$$00000013)
    __rt_lib_init_lc_ctype_1                 0x08000181   Thumb Code     0  libinit2.o(.ARM.Collect$$libinit$$00000015)
    __rt_lib_init_lc_monetary_1              0x08000181   Thumb Code     0  libinit2.o(.ARM.Collect$$libinit$$00000017)
    __rt_lib_init_lc_numeric_2               0x08000181   Thumb Code     0  libinit2.o(.ARM.Collect$$libinit$$00000018)
    __rt_lib_init_atexit_1                   0x0800018b   Thumb Code     0  libinit2.o(.ARM.Collect$$libinit$$0000001D)
    __rt_lib_init_clock_1                    0x0800018b   Thumb Code     0  libinit2.o(.ARM.Collect$$libinit$$00000023)
    __rt_lib_init_fp_trap_1                  0x0800018b   Thumb Code     0  libinit2.o(.ARM.Collect$$libinit$$00000021)
    __rt_lib_init_getenv_1                   0x0800018b   Thumb Code     0  libinit2.o(.ARM.Collect$$libinit$$00000025)
    __rt_lib_init_lc_numeric_1               0x0800018b   Thumb Code     0  libinit2.o(.ARM.Collect$$libinit$$00000019)
    __rt_lib_init_lc_time_1                  0x0800018b   Thumb Code     0  libinit2.o(.ARM.Collect$$libinit$$0000001B)
    __rt_lib_init_signal_1                   0x0800018b   Thumb Code     0  libinit2.o(.ARM.Collect$$libinit$$0000001F)
    __rt_lib_init_stdio_2                    0x0800018b   Thumb Code     0  libinit2.o(.ARM.Collect$$libinit$$00000026)
    __rt_lib_init_alloca_1                   0x0800018f   Thumb Code     0  libinit2.o(.ARM.Collect$$libinit$$00000030)
    __rt_lib_init_argv_1                     0x0800018f   Thumb Code     0  libinit2.o(.ARM.Collect$$libinit$$0000002E)
    __rt_lib_init_cpp_1                      0x0800018f   Thumb Code     0  libinit2.o(.ARM.Collect$$libinit$$00000034)
    __rt_lib_init_exceptions_1               0x0800018f   Thumb Code     0  libinit2.o(.ARM.Collect$$libinit$$00000032)
    __rt_lib_init_return                     0x0800018f   Thumb Code     0  libinit2.o(.ARM.Collect$$libinit$$00000035)
    __rt_lib_init_stdio_1                    0x0800018f   Thumb Code     0  libinit2.o(.ARM.Collect$$libinit$$00000027)
    __rt_lib_shutdown                        0x08000191   Thumb Code     0  libshutdown.o(.ARM.Collect$$libshutdown$$00000000)
    __rt_lib_shutdown_cpp_1                  0x08000193   Thumb Code     0  libshutdown2.o(.ARM.Collect$$libshutdown$$00000002)
    __rt_lib_shutdown_stdio_2                0x08000193   Thumb Code     0  libshutdown2.o(.ARM.Collect$$libshutdown$$00000003)
    __rt_lib_shutdown_fp_trap_1              0x08000197   Thumb Code     0  libshutdown2.o(.ARM.Collect$$libshutdown$$00000007)
    __rt_lib_shutdown_heap_1                 0x08000197   Thumb Code     0  libshutdown2.o(.ARM.Collect$$libshutdown$$0000000F)
    __rt_lib_shutdown_return                 0x08000197   Thumb Code     0  libshutdown2.o(.ARM.Collect$$libshutdown$$00000010)
    __rt_lib_shutdown_signal_1               0x08000197   Thumb Code     0  libshutdown2.o(.ARM.Collect$$libshutdown$$0000000A)
    __rt_lib_shutdown_stdio_1                0x08000197   Thumb Code     0  libshutdown2.o(.ARM.Collect$$libshutdown$$00000004)
    __rt_lib_shutdown_user_alloc_1           0x08000197   Thumb Code     0  libshutdown2.o(.ARM.Collect$$libshutdown$$0000000C)
    __rt_entry                               0x08000199   Thumb Code     0  __rtentry.o(.ARM.Collect$$rtentry$$00000000)
    __rt_entry_presh_1                       0x08000199   Thumb Code     0  __rtentry2.o(.ARM.Collect$$rtentry$$00000002)
    __rt_entry_sh                            0x08000199   Thumb Code     0  __rtentry4.o(.ARM.Collect$$rtentry$$00000004)
    __rt_entry_li                            0x0800019f   Thumb Code     0  __rtentry2.o(.ARM.Collect$$rtentry$$0000000A)
    __rt_entry_postsh_1                      0x0800019f   Thumb Code     0  __rtentry2.o(.ARM.Collect$$rtentry$$00000009)
    __rt_entry_main                          0x080001a3   Thumb Code     0  __rtentry2.o(.ARM.Collect$$rtentry$$0000000D)
    __rt_entry_postli_1                      0x080001a3   Thumb Code     0  __rtentry2.o(.ARM.Collect$$rtentry$$0000000C)
    __rt_exit                                0x080001ab   Thumb Code     0  rtexit.o(.ARM.Collect$$rtexit$$00000000)
    __rt_exit_ls                             0x080001ad   Thumb Code     0  rtexit2.o(.ARM.Collect$$rtexit$$00000003)
    __rt_exit_prels_1                        0x080001ad   Thumb Code     0  rtexit2.o(.ARM.Collect$$rtexit$$00000002)
    __rt_exit_exit                           0x080001b1   Thumb Code     0  rtexit2.o(.ARM.Collect$$rtexit$$00000004)
    Reset_Handler                            0x080001b9   Thumb Code     8  startup_stm32f10x_md.o(.text)
    NMI_Handler                              0x080001c1   Thumb Code     2  startup_stm32f10x_md.o(.text)
    HardFault_Handler                        0x080001c3   Thumb Code     2  startup_stm32f10x_md.o(.text)
    MemManage_Handler                        0x080001c5   Thumb Code     2  startup_stm32f10x_md.o(.text)
    BusFault_Handler                         0x080001c7   Thumb Code     2  startup_stm32f10x_md.o(.text)
    UsageFault_Handler                       0x080001c9   Thumb Code     2  startup_stm32f10x_md.o(.text)
    SVC_Handler                              0x080001cb   Thumb Code     2  startup_stm32f10x_md.o(.text)
    DebugMon_Handler                         0x080001cd   Thumb Code     2  startup_stm32f10x_md.o(.text)
    PendSV_Handler                           0x080001cf   Thumb Code     2  startup_stm32f10x_md.o(.text)
    SysTick_Handler                          0x080001d1   Thumb Code     2  startup_stm32f10x_md.o(.text)
    ADC1_2_IRQHandler                        0x080001d3   Thumb Code     0  startup_stm32f10x_md.o(.text)
    CAN1_RX1_IRQHandler                      0x080001d3   Thumb Code     0  startup_stm32f10x_md.o(.text)
    CAN1_SCE_IRQHandler                      0x080001d3   Thumb Code     0  startup_stm32f10x_md.o(.text)
    DMA1_Channel1_IRQHandler                 0x080001d3   Thumb Code     0  startup_stm32f10x_md.o(.text)
    DMA1_Channel2_IRQHandler                 0x080001d3   Thumb Code     0  startup_stm32f10x_md.o(.text)
    DMA1_Channel3_IRQHandler                 0x080001d3   Thumb Code     0  startup_stm32f10x_md.o(.text)
    DMA1_Channel4_IRQHandler                 0x080001d3   Thumb Code     0  startup_stm32f10x_md.o(.text)
    DMA1_Channel5_IRQHandler                 0x080001d3   Thumb Code     0  startup_stm32f10x_md.o(.text)
    DMA1_Channel6_IRQHandler                 0x080001d3   Thumb Code     0  startup_stm32f10x_md.o(.text)
    DMA1_Channel7_IRQHandler                 0x080001d3   Thumb Code     0  startup_stm32f10x_md.o(.text)
    EXTI3_IRQHandler                         0x080001d3   Thumb Code     0  startup_stm32f10x_md.o(.text)
    EXTI4_IRQHandler                         0x080001d3   Thumb Code     0  startup_stm32f10x_md.o(.text)
    EXTI9_5_IRQHandler                       0x080001d3   Thumb Code     0  startup_stm32f10x_md.o(.text)
    FLASH_IRQHandler                         0x080001d3   Thumb Code     0  startup_stm32f10x_md.o(.text)
    I2C1_ER_IRQHandler                       0x080001d3   Thumb Code     0  startup_stm32f10x_md.o(.text)
    I2C1_EV_IRQHandler                       0x080001d3   Thumb Code     0  startup_stm32f10x_md.o(.text)
    I2C2_ER_IRQHandler                       0x080001d3   Thumb Code     0  startup_stm32f10x_md.o(.text)
    I2C2_EV_IRQHandler                       0x080001d3   Thumb Code     0  startup_stm32f10x_md.o(.text)
    PVD_IRQHandler                           0x080001d3   Thumb Code     0  startup_stm32f10x_md.o(.text)
    RCC_IRQHandler                           0x080001d3   Thumb Code     0  startup_stm32f10x_md.o(.text)
    RTCAlarm_IRQHandler                      0x080001d3   Thumb Code     0  startup_stm32f10x_md.o(.text)
    RTC_IRQHandler                           0x080001d3   Thumb Code     0  startup_stm32f10x_md.o(.text)
    SPI1_IRQHandler                          0x080001d3   Thumb Code     0  startup_stm32f10x_md.o(.text)
    SPI2_IRQHandler                          0x080001d3   Thumb Code     0  startup_stm32f10x_md.o(.text)
    TAMPER_IRQHandler                        0x080001d3   Thumb Code     0  startup_stm32f10x_md.o(.text)
    TIM1_BRK_IRQHandler                      0x080001d3   Thumb Code     0  startup_stm32f10x_md.o(.text)
    TIM1_CC_IRQHandler                       0x080001d3   Thumb Code     0  startup_stm32f10x_md.o(.text)
    TIM1_TRG_COM_IRQHandler                  0x080001d3   Thumb Code     0  startup_stm32f10x_md.o(.text)
    TIM1_UP_IRQHandler                       0x080001d3   Thumb Code     0  startup_stm32f10x_md.o(.text)
    TIM2_IRQHandler                          0x080001d3   Thumb Code     0  startup_stm32f10x_md.o(.text)
    TIM3_IRQHandler                          0x080001d3   Thumb Code     0  startup_stm32f10x_md.o(.text)
    TIM4_IRQHandler                          0x080001d3   Thumb Code     0  startup_stm32f10x_md.o(.text)
    USART1_IRQHandler                        0x080001d3   Thumb Code     0  startup_stm32f10x_md.o(.text)
    USART2_IRQHandler                        0x080001d3   Thumb Code     0  startup_stm32f10x_md.o(.text)
    USART3_IRQHandler                        0x080001d3   Thumb Code     0  startup_stm32f10x_md.o(.text)
    USBWakeUp_IRQHandler                     0x080001d3   Thumb Code     0  startup_stm32f10x_md.o(.text)
    USB_HP_CAN1_TX_IRQHandler                0x080001d3   Thumb Code     0  startup_stm32f10x_md.o(.text)
    USB_LP_CAN1_RX0_IRQHandler               0x080001d3   Thumb Code     0  startup_stm32f10x_md.o(.text)
    WWDG_IRQHandler                          0x080001d3   Thumb Code     0  startup_stm32f10x_md.o(.text)
    __user_initial_stackheap                 0x080001d5   Thumb Code     0  startup_stm32f10x_md.o(.text)
    __2printf                                0x080001f9   Thumb Code    20  noretval__2printf.o(.text)
    __printf                                 0x08000211   Thumb Code   104  __printf.o(.text)
    _printf_int_dec                          0x08000279   Thumb Code   104  _printf_dec.o(.text)
    puts                                     0x080002f1   Thumb Code    40  puts.o(.text)
    strcmp                                   0x0800031d   Thumb Code   128  strcmpv7m.o(.text)
    __use_two_region_memory                  0x0800039d   Thumb Code     2  heapauxi.o(.text)
    __rt_heap_escrow                         0x0800039f   Thumb Code     2  heapauxi.o(.text)
    __rt_heap_expand                         0x080003a1   Thumb Code     2  heapauxi.o(.text)
    _printf_int_common                       0x080003a3   Thumb Code   178  _printf_intcommon.o(.text)
    _printf_fp_dec_real                      0x08000605   Thumb Code   620  _printf_fp_dec.o(.text)
    _printf_char_file                        0x08000871   Thumb Code    32  _printf_char_file.o(.text)
    __rt_locale                              0x08000895   Thumb Code     8  rt_locale_intlibspace.o(.text)
    _ll_udiv10                               0x0800089d   Thumb Code   138  lludiv10.o(.text)
    _printf_char_common                      0x08000933   Thumb Code    32  _printf_char_common.o(.text)
    _printf_fp_infnan                        0x08000959   Thumb Code   112  _printf_fp_infnan.o(.text)
    _btod_etento                             0x080009d9   Thumb Code   224  bigflt0.o(.text)
    ferror                                   0x08000abd   Thumb Code     8  ferror.o(.text)
    __flsbuf                                 0x08000ac5   Thumb Code   482  flsbuf.o(.text)
    __flsbuf_byte                            0x08000ac5   Thumb Code     0  flsbuf.o(.text)
    __flsbuf_wide                            0x08000ac5   Thumb Code     0  flsbuf.o(.text)
    _initio                                  0x08000ca9   Thumb Code   210  initio.o(.text)
    _terminateio                             0x08000d7b   Thumb Code    56  initio.o(.text)
    __user_libspace                          0x08000de1   Thumb Code     8  libspace.o(.text)
    __user_perproc_libspace                  0x08000de1   Thumb Code     0  libspace.o(.text)
    __user_perthread_libspace                0x08000de1   Thumb Code     0  libspace.o(.text)
    __user_setup_stackheap                   0x08000de9   Thumb Code    74  sys_stackheap_outer.o(.text)
    malloc                                   0x08000e33   Thumb Code    94  h1_alloc.o(.text)
    free                                     0x08000e91   Thumb Code    78  h1_free.o(.text)
    setvbuf                                  0x08000edf   Thumb Code    70  setvbuf.o(.text)
    _seterr                                  0x08000f25   Thumb Code    20  stdio.o(.text)
    _writebuf                                0x08000f39   Thumb Code   108  stdio.o(.text)
    _fflush                                  0x08000fa5   Thumb Code    70  stdio.o(.text)
    _deferredlazyseek                        0x08000feb   Thumb Code    60  stdio.o(.text)
    freopen                                  0x0800102d   Thumb Code   160  fopen.o(.text)
    fopen                                    0x080010cd   Thumb Code    74  fopen.o(.text)
    _fclose_internal                         0x0800111d   Thumb Code    76  fclose.o(.text)
    fclose                                   0x0800111d   Thumb Code     0  fclose.o(.text)
    exit                                     0x08001169   Thumb Code    18  exit.o(.text)
    __rt_SIGRTRED                            0x0800117b   Thumb Code    14  defsig_rtred_outer.o(.text)
    __aeabi_memclr4                          0x08001189   Thumb Code     0  rt_memclr_w.o(.text)
    __aeabi_memclr8                          0x08001189   Thumb Code     0  rt_memclr_w.o(.text)
    __rt_memclr_w                            0x08001189   Thumb Code     0  rt_memclr_w.o(.text)
    _memset_w                                0x0800118d   Thumb Code    74  rt_memclr_w.o(.text)
    __rt_heap_descriptor                     0x080011d9   Thumb Code     8  rt_heap_descriptor_intlibspace.o(.text)
    __use_no_heap                            0x080011e1   Thumb Code     2  hguard.o(.text)
    __heap$guard                             0x080011e3   Thumb Code     2  hguard.o(.text)
    _terminate_user_alloc                    0x080011e5   Thumb Code     2  init_alloc.o(.text)
    _init_user_alloc                         0x080011e7   Thumb Code     2  init_alloc.o(.text)
    __Heap_Full                              0x080011e9   Thumb Code    34  init_alloc.o(.text)
    __Heap_Broken                            0x0800120b   Thumb Code     6  init_alloc.o(.text)
    _init_alloc                              0x08001211   Thumb Code    94  init_alloc.o(.text)
    __Heap_Initialize                        0x0800126f   Thumb Code    10  h1_init.o(.text)
    __Heap_DescSize                          0x08001279   Thumb Code     4  h1_init.o(.text)
    _fseek                                   0x0800127d   Thumb Code   242  fseek.o(.text)
    fseek                                    0x0800127d   Thumb Code     0  fseek.o(.text)
    __sig_exit                               0x08001375   Thumb Code    10  defsig_exit.o(.text)
    __rt_SIGRTRED_inner                      0x08001381   Thumb Code    14  defsig_rtred_inner.o(.text)
    _sys_exit                                0x080013b5   Thumb Code     8  sys_exit.o(.text)
    __Heap_ProvideMemory                     0x080013c1   Thumb Code    52  h1_extend.o(.text)
    _maybe_terminate_alloc                   0x080013c1   Thumb Code     0  maybetermalloc1.o(.text)
    _ftell_internal                          0x080013f5   Thumb Code    66  ftell.o(.text)
    ftell                                    0x080013f5   Thumb Code     0  ftell.o(.text)
    __default_signal_display                 0x08001437   Thumb Code    50  defsig_general.o(.text)
    __rt_SIGRTMEM                            0x08001469   Thumb Code    14  defsig_rtmem_outer.o(.text)
    _ttywrch                                 0x08001477   Thumb Code    14  sys_wrch.o(.text)
    __I$use$semihosting                      0x08001485   Thumb Code     0  use_no_semi.o(.text)
    __use_no_semihosting_swi                 0x08001485   Thumb Code     2  use_no_semi.o(.text)
    __semihosting_library_function           0x08001487   Thumb Code     0  indicate_semi.o(.text)
    __aeabi_errno_addr                       0x08001489   Thumb Code     8  rt_errno_addr_intlibspace.o(.text)
    __errno$intlibspace                      0x08001489   Thumb Code     0  rt_errno_addr_intlibspace.o(.text)
    __rt_errno_addr$intlibspace              0x08001489   Thumb Code     0  rt_errno_addr_intlibspace.o(.text)
    __rt_SIGRTMEM_inner                      0x08001491   Thumb Code    22  defsig_rtmem_inner.o(.text)
    EXTI0_IRQHandler                         0x080014e1   Thumb Code    44  main.o(.text.EXTI0_IRQHandler)
    EXTI15_10_IRQHandler                     0x0800150d   Thumb Code    22  main.o(.text.EXTI15_10_IRQHandler)
    EXTI1_IRQHandler                         0x08001525   Thumb Code    80  main.o(.text.EXTI1_IRQHandler)
    EXTI2_IRQHandler                         0x08001575   Thumb Code    44  main.o(.text.EXTI2_IRQHandler)
    Firerun                                  0x080015a1   Thumb Code   112  main.o(.text.Firerun)
    SystemCoreClockUpdate                    0x08001649   Thumb Code   110  system_stm32f10x.o(.text.SystemCoreClockUpdate)
    SystemInit                               0x080016b9   Thumb Code   272  system_stm32f10x.o(.text.SystemInit)
    _sys_close                               0x080017c9   Thumb Code    20  retarget_io.o(.text._sys_close)
    _sys_flen                                0x080017dd   Thumb Code     4  retarget_io.o(.text._sys_flen)
    _sys_istty                               0x080017e1   Thumb Code    16  retarget_io.o(.text._sys_istty)
    _sys_open                                0x080017f1   Thumb Code    92  retarget_io.o(.text._sys_open)
    _sys_seek                                0x0800184d   Thumb Code     6  retarget_io.o(.text._sys_seek)
    _sys_write                               0x08001855   Thumb Code    96  retarget_io.o(.text._sys_write)
    colliding                                0x080018b5   Thumb Code   994  main.o(.text.colliding)
    diverging                                0x08001c99   Thumb Code   782  main.o(.text.diverging)
    main                                     0x08001fa9   Thumb Code   302  main.o(.text.main)
    reflection                               0x080020d9   Thumb Code  1794  main.o(.text.reflection)
    _btod_d2e                                0x080027db   Thumb Code    62  btod.o(CL$$btod_d2e)
    _d2e_denorm_low                          0x08002819   Thumb Code    70  btod.o(CL$$btod_d2e_denorm_low)
    _d2e_norm_op1                            0x0800285f   Thumb Code    96  btod.o(CL$$btod_d2e_norm_op1)
    __btod_div_common                        0x080028c1   Thumb Code   696  btod.o(CL$$btod_div_common)
    _e2e                                     0x08002bf9   Thumb Code   220  btod.o(CL$$btod_e2e)
    _btod_ediv                               0x08002cd5   Thumb Code    42  btod.o(CL$$btod_ediv)
    _btod_emul                               0x08002cff   Thumb Code    42  btod.o(CL$$btod_emul)
    __btod_mult_common                       0x08002d29   Thumb Code   580  btod.o(CL$$btod_mult_common)
    __ARM_fpclassify                         0x08002f6d   Thumb Code    40  fpclassify.o(i.__ARM_fpclassify)
    fputc                                    0x08002f95   Thumb Code    28  fputc.o(i.fputc)
    _get_lc_numeric                          0x08002fb1   Thumb Code    44  lc_numeric_c.o(locale$$code)
    __fpl_dretinf                            0x08002fdd   Thumb Code    12  dretinf.o(x$fpl$dretinf)
    __aeabi_f2d                              0x08002fe9   Thumb Code     0  f2d.o(x$fpl$f2d)
    _f2d                                     0x08002fe9   Thumb Code    86  f2d.o(x$fpl$f2d)
    __aeabi_fcmpeq                           0x0800303f   Thumb Code     0  fcmp.o(x$fpl$fcmp)
    _feq                                     0x0800303f   Thumb Code    14  fcmp.o(x$fpl$fcmp)
    _fneq                                    0x0800304d   Thumb Code    14  fcmp.o(x$fpl$fcmp)
    __aeabi_fcmpgt                           0x0800305b   Thumb Code     0  fcmp.o(x$fpl$fcmp)
    _fgr                                     0x0800305b   Thumb Code    14  fcmp.o(x$fpl$fcmp)
    __aeabi_fcmpge                           0x08003069   Thumb Code     0  fcmp.o(x$fpl$fcmp)
    _fgeq                                    0x08003069   Thumb Code    14  fcmp.o(x$fpl$fcmp)
    __aeabi_fcmple                           0x08003077   Thumb Code     0  fcmp.o(x$fpl$fcmp)
    _fleq                                    0x08003077   Thumb Code    14  fcmp.o(x$fpl$fcmp)
    __aeabi_fcmplt                           0x08003085   Thumb Code     0  fcmp.o(x$fpl$fcmp)
    _fls                                     0x08003085   Thumb Code    14  fcmp.o(x$fpl$fcmp)
    __fpl_fcmp_Inf                           0x08003093   Thumb Code    24  fcmpi.o(x$fpl$fcmpinf)
    __aeabi_cfcmpeq                          0x080030ad   Thumb Code     0  feqf.o(x$fpl$feqf)
    _fcmpeq                                  0x080030ad   Thumb Code   104  feqf.o(x$fpl$feqf)
    __aeabi_f2iz                             0x08003115   Thumb Code     0  ffix.o(x$fpl$ffix)
    _ffix                                    0x08003115   Thumb Code    54  ffix.o(x$fpl$ffix)
    _fcmpge                                  0x0800314d   Thumb Code   104  fgeqf.o(x$fpl$fgeqf)
    __aeabi_cfcmple                          0x080031b5   Thumb Code     0  fleqf.o(x$fpl$fleqf)
    _fcmple                                  0x080031b5   Thumb Code   104  fleqf.o(x$fpl$fleqf)
    __fpl_fcmple_InfNaN                      0x08003207   Thumb Code     0  fleqf.o(x$fpl$fleqf)
    __fpl_fnaninf                            0x0800321d   Thumb Code   140  fnaninf.o(x$fpl$fnaninf)
    _printf_fp_dec                           0x080032a9   Thumb Code     4  printf1.o(x$fpl$printf1)
    __I$use$fp                               0x080032ac   Number         0  usenofp.o(x$fpl$usenofp)
    AHBPrescTable                            0x08003340   Data          16  system_stm32f10x.o(.rodata.AHBPrescTable)
    __stderr_name                            0x08003350   Data           8  retarget_io.o(.rodata.__stderr_name)
    __stdin_name                             0x08003358   Data           7  retarget_io.o(.rodata.__stdin_name)
    __stdout_name                            0x0800335f   Data           8  retarget_io.o(.rodata.__stdout_name)
    Region$$Table$$Base                      0x080033c0   Number         0  anon$$obj.o(Region$$Table)
    Region$$Table$$Limit                     0x080033e0   Number         0  anon$$obj.o(Region$$Table)
    __aeabi_stdin                            0x20000000   Data           4  stdio_streams.o(.data)
    __aeabi_stdout                           0x20000004   Data           4  stdio_streams.o(.data)
    __aeabi_stderr                           0x20000008   Data           4  stdio_streams.o(.data)
    SystemCoreClock                          0x2000000c   Data           4  system_stm32f10x.o(.data.SystemCoreClock)
    __stdin                                  0x20000018   Data          84  stdio_streams.o(.bss)
    __stdout                                 0x2000006c   Data          84  stdio_streams.o(.bss)
    __stderr                                 0x200000c0   Data          84  stdio_streams.o(.bss)
    __libspace_start                         0x20000114   Data          96  libspace.o(.bss)
    CurrentMode                              0x20000174   Data           1  main.o(.bss.CurrentMode)
    __temporary_stack_top$libspace           0x20000174   Data           0  libspace.o(.bss)



==============================================================================

Memory Map of the image

  Image Entry point : 0x080000ed

  Load Region LR_IROM1 (Base: 0x08000000, Size: 0x00003418, Max: 0x00010000, ABSOLUTE)

    Execution Region ER_IROM1 (Exec base: 0x08000000, Load base: 0x08000000, Size: 0x000033fc, Max: 0x00010000, ABSOLUTE)

    Exec Addr    Load Addr    Size         Type   Attr      Idx    E Section Name        Object

    0x08000000   0x08000000   0x000000ec   Data   RO           74    RESET               startup_stm32f10x_md.o
    0x080000ec   0x080000ec   0x00000008   Code   RO          134  * !!!main             c_w.l(__main.o)
    0x080000f4   0x080000f4   0x00000034   Code   RO          560    !!!scatter          c_w.l(__scatter.o)
    0x08000128   0x08000128   0x0000001a   Code   RO          562    !!handler_copy      c_w.l(__scatter_copy.o)
    0x08000142   0x08000142   0x00000002   PAD
    0x08000144   0x08000144   0x0000001c   Code   RO          564    !!handler_zi        c_w.l(__scatter_zi.o)
    0x08000160   0x08000160   0x00000000   Code   RO          127    .ARM.Collect$$_printf_percent$$00000000  c_w.l(_printf_percent.o)
    0x08000160   0x08000160   0x00000006   Code   RO          126    .ARM.Collect$$_printf_percent$$00000003  c_w.l(_printf_f.o)
    0x08000166   0x08000166   0x00000006   Code   RO          125    .ARM.Collect$$_printf_percent$$00000009  c_w.l(_printf_d.o)
    0x0800016c   0x0800016c   0x00000004   Code   RO          155    .ARM.Collect$$_printf_percent$$00000017  c_w.l(_printf_percent_end.o)
    0x08000170   0x08000170   0x00000002   Code   RO          362    .ARM.Collect$$libinit$$00000000  c_w.l(libinit.o)
    0x08000172   0x08000172   0x00000000   Code   RO          364    .ARM.Collect$$libinit$$00000002  c_w.l(libinit2.o)
    0x08000172   0x08000172   0x00000000   Code   RO          366    .ARM.Collect$$libinit$$00000004  c_w.l(libinit2.o)
    0x08000172   0x08000172   0x00000000   Code   RO          368    .ARM.Collect$$libinit$$00000006  c_w.l(libinit2.o)
    0x08000172   0x08000172   0x00000008   Code   RO          369    .ARM.Collect$$libinit$$00000007  c_w.l(libinit2.o)
    0x0800017a   0x0800017a   0x00000000   Code   RO          371    .ARM.Collect$$libinit$$0000000C  c_w.l(libinit2.o)
    0x0800017a   0x0800017a   0x00000000   Code   RO          373    .ARM.Collect$$libinit$$0000000E  c_w.l(libinit2.o)
    0x0800017a   0x0800017a   0x00000000   Code   RO          375    .ARM.Collect$$libinit$$00000010  c_w.l(libinit2.o)
    0x0800017a   0x0800017a   0x00000006   Code   RO          376    .ARM.Collect$$libinit$$00000011  c_w.l(libinit2.o)
    0x08000180   0x08000180   0x00000000   Code   RO          378    .ARM.Collect$$libinit$$00000013  c_w.l(libinit2.o)
    0x08000180   0x08000180   0x00000000   Code   RO          380    .ARM.Collect$$libinit$$00000015  c_w.l(libinit2.o)
    0x08000180   0x08000180   0x00000000   Code   RO          382    .ARM.Collect$$libinit$$00000017  c_w.l(libinit2.o)
    0x08000180   0x08000180   0x0000000a   Code   RO          383    .ARM.Collect$$libinit$$00000018  c_w.l(libinit2.o)
    0x0800018a   0x0800018a   0x00000000   Code   RO          384    .ARM.Collect$$libinit$$00000019  c_w.l(libinit2.o)
    0x0800018a   0x0800018a   0x00000000   Code   RO          386    .ARM.Collect$$libinit$$0000001B  c_w.l(libinit2.o)
    0x0800018a   0x0800018a   0x00000000   Code   RO          388    .ARM.Collect$$libinit$$0000001D  c_w.l(libinit2.o)
    0x0800018a   0x0800018a   0x00000000   Code   RO          390    .ARM.Collect$$libinit$$0000001F  c_w.l(libinit2.o)
    0x0800018a   0x0800018a   0x00000000   Code   RO          392    .ARM.Collect$$libinit$$00000021  c_w.l(libinit2.o)
    0x0800018a   0x0800018a   0x00000000   Code   RO          394    .ARM.Collect$$libinit$$00000023  c_w.l(libinit2.o)
    0x0800018a   0x0800018a   0x00000000   Code   RO          396    .ARM.Collect$$libinit$$00000025  c_w.l(libinit2.o)
    0x0800018a   0x0800018a   0x00000004   Code   RO          397    .ARM.Collect$$libinit$$00000026  c_w.l(libinit2.o)
    0x0800018e   0x0800018e   0x00000000   Code   RO          398    .ARM.Collect$$libinit$$00000027  c_w.l(libinit2.o)
    0x0800018e   0x0800018e   0x00000000   Code   RO          402    .ARM.Collect$$libinit$$0000002E  c_w.l(libinit2.o)
    0x0800018e   0x0800018e   0x00000000   Code   RO          404    .ARM.Collect$$libinit$$00000030  c_w.l(libinit2.o)
    0x0800018e   0x0800018e   0x00000000   Code   RO          406    .ARM.Collect$$libinit$$00000032  c_w.l(libinit2.o)
    0x0800018e   0x0800018e   0x00000000   Code   RO          408    .ARM.Collect$$libinit$$00000034  c_w.l(libinit2.o)
    0x0800018e   0x0800018e   0x00000002   Code   RO          409    .ARM.Collect$$libinit$$00000035  c_w.l(libinit2.o)
    0x08000190   0x08000190   0x00000002   Code   RO          539    .ARM.Collect$$libshutdown$$00000000  c_w.l(libshutdown.o)
    0x08000192   0x08000192   0x00000000   Code   RO          411    .ARM.Collect$$libshutdown$$00000002  c_w.l(libshutdown2.o)
    0x08000192   0x08000192   0x00000004   Code   RO          412    .ARM.Collect$$libshutdown$$00000003  c_w.l(libshutdown2.o)
    0x08000196   0x08000196   0x00000000   Code   RO          413    .ARM.Collect$$libshutdown$$00000004  c_w.l(libshutdown2.o)
    0x08000196   0x08000196   0x00000000   Code   RO          416    .ARM.Collect$$libshutdown$$00000007  c_w.l(libshutdown2.o)
    0x08000196   0x08000196   0x00000000   Code   RO          419    .ARM.Collect$$libshutdown$$0000000A  c_w.l(libshutdown2.o)
    0x08000196   0x08000196   0x00000000   Code   RO          421    .ARM.Collect$$libshutdown$$0000000C  c_w.l(libshutdown2.o)
    0x08000196   0x08000196   0x00000000   Code   RO          424    .ARM.Collect$$libshutdown$$0000000F  c_w.l(libshutdown2.o)
    0x08000196   0x08000196   0x00000002   Code   RO          425    .ARM.Collect$$libshutdown$$00000010  c_w.l(libshutdown2.o)
    0x08000198   0x08000198   0x00000000   Code   RO          146    .ARM.Collect$$rtentry$$00000000  c_w.l(__rtentry.o)
    0x08000198   0x08000198   0x00000000   Code   RO          180    .ARM.Collect$$rtentry$$00000002  c_w.l(__rtentry2.o)
    0x08000198   0x08000198   0x00000006   Code   RO          192    .ARM.Collect$$rtentry$$00000004  c_w.l(__rtentry4.o)
    0x0800019e   0x0800019e   0x00000000   Code   RO          182    .ARM.Collect$$rtentry$$00000009  c_w.l(__rtentry2.o)
    0x0800019e   0x0800019e   0x00000004   Code   RO          183    .ARM.Collect$$rtentry$$0000000A  c_w.l(__rtentry2.o)
    0x080001a2   0x080001a2   0x00000000   Code   RO          185    .ARM.Collect$$rtentry$$0000000C  c_w.l(__rtentry2.o)
    0x080001a2   0x080001a2   0x00000008   Code   RO          186    .ARM.Collect$$rtentry$$0000000D  c_w.l(__rtentry2.o)
    0x080001aa   0x080001aa   0x00000002   Code   RO          426    .ARM.Collect$$rtexit$$00000000  c_w.l(rtexit.o)
    0x080001ac   0x080001ac   0x00000000   Code   RO          488    .ARM.Collect$$rtexit$$00000002  c_w.l(rtexit2.o)
    0x080001ac   0x080001ac   0x00000004   Code   RO          489    .ARM.Collect$$rtexit$$00000003  c_w.l(rtexit2.o)
    0x080001b0   0x080001b0   0x00000006   Code   RO          490    .ARM.Collect$$rtexit$$00000004  c_w.l(rtexit2.o)
    0x080001b6   0x080001b6   0x00000002   PAD
    0x080001b8   0x080001b8   0x00000040   Code   RO           75    .text               startup_stm32f10x_md.o
    0x080001f8   0x080001f8   0x00000018   Code   RO           99    .text               c_w.l(noretval__2printf.o)
    0x08000210   0x08000210   0x00000068   Code   RO          101    .text               c_w.l(__printf.o)
    0x08000278   0x08000278   0x00000078   Code   RO          103    .text               c_w.l(_printf_dec.o)
    0x080002f0   0x080002f0   0x0000002c   Code   RO          128    .text               c_w.l(puts.o)
    0x0800031c   0x0800031c   0x00000080   Code   RO          130    .text               c_w.l(strcmpv7m.o)
    0x0800039c   0x0800039c   0x00000006   Code   RO          132    .text               c_w.l(heapauxi.o)
    0x080003a2   0x080003a2   0x000000b2   Code   RO          147    .text               c_w.l(_printf_intcommon.o)
    0x08000454   0x08000454   0x0000041c   Code   RO          149    .text               c_w.l(_printf_fp_dec.o)
    0x08000870   0x08000870   0x00000024   Code   RO          153    .text               c_w.l(_printf_char_file.o)
    0x08000894   0x08000894   0x00000008   Code   RO          197    .text               c_w.l(rt_locale_intlibspace.o)
    0x0800089c   0x0800089c   0x0000008a   Code   RO          199    .text               c_w.l(lludiv10.o)
    0x08000926   0x08000926   0x00000002   PAD
    0x08000928   0x08000928   0x00000030   Code   RO          201    .text               c_w.l(_printf_char_common.o)
    0x08000958   0x08000958   0x00000080   Code   RO          203    .text               c_w.l(_printf_fp_infnan.o)
    0x080009d8   0x080009d8   0x000000e4   Code   RO          205    .text               c_w.l(bigflt0.o)
    0x08000abc   0x08000abc   0x00000008   Code   RO          232    .text               c_w.l(ferror.o)
    0x08000ac4   0x08000ac4   0x000001e2   Code   RO          234    .text               c_w.l(flsbuf.o)
    0x08000ca6   0x08000ca6   0x00000002   PAD
    0x08000ca8   0x08000ca8   0x00000138   Code   RO          236    .text               c_w.l(initio.o)
    0x08000de0   0x08000de0   0x00000008   Code   RO          253    .text               c_w.l(libspace.o)
    0x08000de8   0x08000de8   0x0000004a   Code   RO          258    .text               c_w.l(sys_stackheap_outer.o)
    0x08000e32   0x08000e32   0x0000005e   Code   RO          264    .text               c_w.l(h1_alloc.o)
    0x08000e90   0x08000e90   0x0000004e   Code   RO          266    .text               c_w.l(h1_free.o)
    0x08000ede   0x08000ede   0x00000046   Code   RO          328    .text               c_w.l(setvbuf.o)
    0x08000f24   0x08000f24   0x00000108   Code   RO          330    .text               c_w.l(stdio.o)
    0x0800102c   0x0800102c   0x000000f0   Code   RO          335    .text               c_w.l(fopen.o)
    0x0800111c   0x0800111c   0x0000004c   Code   RO          337    .text               c_w.l(fclose.o)
    0x08001168   0x08001168   0x00000012   Code   RO          347    .text               c_w.l(exit.o)
    0x0800117a   0x0800117a   0x0000000e   Code   RO          349    .text               c_w.l(defsig_rtred_outer.o)
    0x08001188   0x08001188   0x0000004e   Code   RO          355    .text               c_w.l(rt_memclr_w.o)
    0x080011d6   0x080011d6   0x00000002   PAD
    0x080011d8   0x080011d8   0x00000008   Code   RO          433    .text               c_w.l(rt_heap_descriptor_intlibspace.o)
    0x080011e0   0x080011e0   0x00000004   Code   RO          435    .text               c_w.l(hguard.o)
    0x080011e4   0x080011e4   0x0000008a   Code   RO          437    .text               c_w.l(init_alloc.o)
    0x0800126e   0x0800126e   0x0000000e   Code   RO          441    .text               c_w.l(h1_init.o)
    0x0800127c   0x0800127c   0x000000f8   Code   RO          459    .text               c_w.l(fseek.o)
    0x08001374   0x08001374   0x0000000a   Code   RO          465    .text               c_w.l(defsig_exit.o)
    0x0800137e   0x0800137e   0x00000002   PAD
    0x08001380   0x08001380   0x00000034   Code   RO          467    .text               c_w.l(defsig_rtred_inner.o)
    0x080013b4   0x080013b4   0x0000000c   Code   RO          481    .text               c_w.l(sys_exit.o)
    0x080013c0   0x080013c0   0x00000000   Code   RO          496    .text               c_w.l(maybetermalloc1.o)
    0x080013c0   0x080013c0   0x00000034   Code   RO          498    .text               c_w.l(h1_extend.o)
    0x080013f4   0x080013f4   0x00000042   Code   RO          502    .text               c_w.l(ftell.o)
    0x08001436   0x08001436   0x00000032   Code   RO          506    .text               c_w.l(defsig_general.o)
    0x08001468   0x08001468   0x0000000e   Code   RO          508    .text               c_w.l(defsig_rtmem_outer.o)
    0x08001476   0x08001476   0x0000000e   Code   RO          519    .text               c_w.l(sys_wrch.o)
    0x08001484   0x08001484   0x00000002   Code   RO          523    .text               c_w.l(use_no_semi.o)
    0x08001486   0x08001486   0x00000000   Code   RO          525    .text               c_w.l(indicate_semi.o)
    0x08001486   0x08001486   0x00000002   PAD
    0x08001488   0x08001488   0x00000008   Code   RO          529    .text               c_w.l(rt_errno_addr_intlibspace.o)
    0x08001490   0x08001490   0x00000050   Code   RO          533    .text               c_w.l(defsig_rtmem_inner.o)
    0x080014e0   0x080014e0   0x0000002c   Code   RO           22    .text.EXTI0_IRQHandler  main.o
    0x0800150c   0x0800150c   0x00000016   Code   RO           28    .text.EXTI15_10_IRQHandler  main.o
    0x08001522   0x08001522   0x00000002   PAD
    0x08001524   0x08001524   0x00000050   Code   RO           24    .text.EXTI1_IRQHandler  main.o
    0x08001574   0x08001574   0x0000002c   Code   RO           26    .text.EXTI2_IRQHandler  main.o
    0x080015a0   0x080015a0   0x000000a8   Code   RO           20    .text.Firerun       main.o
    0x08001648   0x08001648   0x0000006e   Code   RO           84    .text.SystemCoreClockUpdate  system_stm32f10x.o
    0x080016b6   0x080016b6   0x00000002   PAD
    0x080016b8   0x080016b8   0x00000110   Code   RO           82    .text.SystemInit    system_stm32f10x.o
    0x080017c8   0x080017c8   0x00000014   Code   RO           49    .text._sys_close    retarget_io.o
    0x080017dc   0x080017dc   0x00000004   Code   RO           59    .text._sys_flen     retarget_io.o
    0x080017e0   0x080017e0   0x00000010   Code   RO           55    .text._sys_istty    retarget_io.o
    0x080017f0   0x080017f0   0x0000005c   Code   RO           47    .text._sys_open     retarget_io.o
    0x0800184c   0x0800184c   0x00000006   Code   RO           57    .text._sys_seek     retarget_io.o
    0x08001852   0x08001852   0x00000002   PAD
    0x08001854   0x08001854   0x00000060   Code   RO           51    .text._sys_write    retarget_io.o
    0x080018b4   0x080018b4   0x000003e2   Code   RO           16    .text.colliding     main.o
    0x08001c96   0x08001c96   0x00000002   PAD
    0x08001c98   0x08001c98   0x0000030e   Code   RO           14    .text.diverging     main.o
    0x08001fa6   0x08001fa6   0x00000002   PAD
    0x08001fa8   0x08001fa8   0x0000012e   Code   RO           18    .text.main          main.o
    0x080020d6   0x080020d6   0x00000002   PAD
    0x080020d8   0x080020d8   0x00000702   Code   RO           12    .text.reflection    main.o
    0x080027da   0x080027da   0x0000003e   Code   RO          208    CL$$btod_d2e        c_w.l(btod.o)
    0x08002818   0x08002818   0x00000046   Code   RO          210    CL$$btod_d2e_denorm_low  c_w.l(btod.o)
    0x0800285e   0x0800285e   0x00000060   Code   RO          209    CL$$btod_d2e_norm_op1  c_w.l(btod.o)
    0x080028be   0x080028be   0x00000002   PAD
    0x080028c0   0x080028c0   0x00000338   Code   RO          218    CL$$btod_div_common  c_w.l(btod.o)
    0x08002bf8   0x08002bf8   0x000000dc   Code   RO          215    CL$$btod_e2e        c_w.l(btod.o)
    0x08002cd4   0x08002cd4   0x0000002a   Code   RO          212    CL$$btod_ediv       c_w.l(btod.o)
    0x08002cfe   0x08002cfe   0x0000002a   Code   RO          211    CL$$btod_emul       c_w.l(btod.o)
    0x08002d28   0x08002d28   0x00000244   Code   RO          217    CL$$btod_mult_common  c_w.l(btod.o)
    0x08002f6c   0x08002f6c   0x00000028   Code   RO          251    i.__ARM_fpclassify  m_ws.l(fpclassify.o)
    0x08002f94   0x08002f94   0x0000001c   Code   RO          157    i.fputc             c_w.l(fputc.o)
    0x08002fb0   0x08002fb0   0x0000002c   Code   RO          243    locale$$code        c_w.l(lc_numeric_c.o)
    0x08002fdc   0x08002fdc   0x0000000c   Code   RO          168    x$fpl$dretinf       fz_ws.l(dretinf.o)
    0x08002fe8   0x08002fe8   0x00000056   Code   RO          136    x$fpl$f2d           fz_ws.l(f2d.o)
    0x0800303e   0x0800303e   0x00000054   Code   RO          138    x$fpl$fcmp          fz_ws.l(fcmp.o)
    0x08003092   0x08003092   0x00000018   Code   RO          247    x$fpl$fcmpinf       fz_ws.l(fcmpi.o)
    0x080030aa   0x080030aa   0x00000002   PAD
    0x080030ac   0x080030ac   0x00000068   Code   RO          170    x$fpl$feqf          fz_ws.l(feqf.o)
    0x08003114   0x08003114   0x00000036   Code   RO          140    x$fpl$ffix          fz_ws.l(ffix.o)
    0x0800314a   0x0800314a   0x00000002   PAD
    0x0800314c   0x0800314c   0x00000068   Code   RO          172    x$fpl$fgeqf         fz_ws.l(fgeqf.o)
    0x080031b4   0x080031b4   0x00000068   Code   RO          174    x$fpl$fleqf         fz_ws.l(fleqf.o)
    0x0800321c   0x0800321c   0x0000008c   Code   RO          176    x$fpl$fnaninf       fz_ws.l(fnaninf.o)
    0x080032a8   0x080032a8   0x00000004   Code   RO          144    x$fpl$printf1       fz_ws.l(printf1.o)
    0x080032ac   0x080032ac   0x00000000   Code   RO          178    x$fpl$usenofp       fz_ws.l(usenofp.o)
    0x080032ac   0x080032ac   0x00000094   Data   RO          206    .constdata          c_w.l(bigflt0.o)
    0x08003340   0x08003340   0x00000010   Data   RO           87    .rodata.AHBPrescTable  system_stm32f10x.o
    0x08003350   0x08003350   0x00000008   Data   RO           64    .rodata.__stderr_name  retarget_io.o
    0x08003358   0x08003358   0x00000007   Data   RO           62    .rodata.__stdin_name  retarget_io.o
    0x0800335f   0x0800335f   0x00000008   Data   RO           63    .rodata.__stdout_name  retarget_io.o
    0x08003367   0x08003367   0x00000058   Data   RO           33    .rodata.str1.1      main.o
    0x080033bf   0x080033bf   0x00000001   PAD
    0x080033c0   0x080033c0   0x00000020   Data   RO          559    Region$$Table       anon$$obj.o
    0x080033e0   0x080033e0   0x0000001c   Data   RO          242    locale$$data        c_w.l(lc_numeric_c.o)


    Execution Region RW_IRAM1 (Exec base: 0x20000000, Load base: 0x08003400, Size: 0x00000778, Max: 0x00005000, ABSOLUTE)

    Exec Addr    Load Addr    Size         Type   Attr      Idx    E Section Name        Object

    0x20000000   0x08003400   0x00000004   Data   RW          163    .data               c_w.l(stdio_streams.o)
    0x20000004   0x08003404   0x00000004   Data   RW          164    .data               c_w.l(stdio_streams.o)
    0x20000008   0x08003408   0x00000004   Data   RW          165    .data               c_w.l(stdio_streams.o)
    0x2000000c   0x0800340c   0x00000004   Data   RW           86    .data.SystemCoreClock  system_stm32f10x.o
    0x20000010   0x08003410   0x00000001   Data   RW           31    .data.fireworks     main.o
    0x20000011   0x08003411   0x00000003   PAD
    0x20000014   0x08003414   0x00000004   Data   RW           30    .data.speed         main.o
    0x20000018        -       0x00000054   Zero   RW          160    .bss                c_w.l(stdio_streams.o)
    0x2000006c        -       0x00000054   Zero   RW          161    .bss                c_w.l(stdio_streams.o)
    0x200000c0        -       0x00000054   Zero   RW          162    .bss                c_w.l(stdio_streams.o)
    0x20000114        -       0x00000060   Zero   RW          254    .bss                c_w.l(libspace.o)
    0x20000174        -       0x00000001   Zero   RW           32    .bss.CurrentMode    main.o
    0x20000175   0x08003418   0x00000003   PAD
    0x20000178        -       0x00000200   Zero   RW           73    HEAP                startup_stm32f10x_md.o
    0x20000378        -       0x00000400   Zero   RW           72    STACK               startup_stm32f10x_md.o


==============================================================================

Image component sizes


      Code (inc. data)   RO Data    RW Data    ZI Data      Debug   Object Name

      4230         56         88          5          1      12186   main.o
       234          0         23          0          0       3193   retarget_io.o
        64         26        236          0       1536        884   startup_stm32f10x_md.o
       382          0         16          4          0       2778   system_stm32f10x.o

    ----------------------------------------------------------------------
      4922         82        396         12       1540      19041   Object Totals
         0          0         32          0          0          0   (incl. Generated)
        12          0          1          3          3          0   (incl. Padding)

    ----------------------------------------------------------------------

      Code (inc. data)   RO Data    RW Data    ZI Data      Debug   Library Member Name

         8          0          0          0          0         68   __main.o
       104          0          0          0          0         84   __printf.o
         0          0          0          0          0          0   __rtentry.o
        12          0          0          0          0          0   __rtentry2.o
         6          0          0          0          0          0   __rtentry4.o
        52          8          0          0          0          0   __scatter.o
        26          0          0          0          0          0   __scatter_copy.o
        28          0          0          0          0          0   __scatter_zi.o
        48          6          0          0          0         96   _printf_char_common.o
        36          4          0          0          0         80   _printf_char_file.o
         6          0          0          0          0          0   _printf_d.o
       120         16          0          0          0         92   _printf_dec.o
         6          0          0          0          0          0   _printf_f.o
      1052          0          0          0          0        148   _printf_fp_dec.o
       128         16          0          0          0         84   _printf_fp_infnan.o
       178          0          0          0          0         88   _printf_intcommon.o
         0          0          0          0          0          0   _printf_percent.o
         4          0          0          0          0          0   _printf_percent_end.o
       228          4        148          0          0         96   bigflt0.o
      1936        128          0          0          0        668   btod.o
        10          0          0          0          0         68   defsig_exit.o
        50          0          0          0          0         88   defsig_general.o
        80         58          0          0          0         76   defsig_rtmem_inner.o
        14          0          0          0          0         80   defsig_rtmem_outer.o
        52         38          0          0          0         76   defsig_rtred_inner.o
        14          0          0          0          0         80   defsig_rtred_outer.o
        18          0          0          0          0         80   exit.o
        76          0          0          0          0         88   fclose.o
         8          0          0          0          0         68   ferror.o
       482          0          0          0          0         92   flsbuf.o
       240          6          0          0          0        128   fopen.o
        28          0          0          0          0         68   fputc.o
       248          6          0          0          0         84   fseek.o
        66          0          0          0          0         76   ftell.o
        94          0          0          0          0         80   h1_alloc.o
        52          0          0          0          0         68   h1_extend.o
        78          0          0          0          0         80   h1_free.o
        14          0          0          0          0         84   h1_init.o
         6          0          0          0          0        152   heapauxi.o
         4          0          0          0          0        136   hguard.o
         0          0          0          0          0          0   indicate_semi.o
       138          0          0          0          0        168   init_alloc.o
       312         46          0          0          0        112   initio.o
        44         10         28          0          0         76   lc_numeric_c.o
         2          0          0          0          0          0   libinit.o
        30          0          0          0          0          0   libinit2.o
         2          0          0          0          0          0   libshutdown.o
         6          0          0          0          0          0   libshutdown2.o
         8          4          0          0         96         68   libspace.o
       138          0          0          0          0         80   lludiv10.o
         0          0          0          0          0          0   maybetermalloc1.o
        24          4          0          0          0         84   noretval__2printf.o
        44          4          0          0          0         84   puts.o
         8          4          0          0          0         68   rt_errno_addr_intlibspace.o
         8          4          0          0          0         68   rt_heap_descriptor_intlibspace.o
         8          4          0          0          0         68   rt_locale_intlibspace.o
        78          0          0          0          0         80   rt_memclr_w.o
         2          0          0          0          0          0   rtexit.o
        10          0          0          0          0          0   rtexit2.o
        70          0          0          0          0         80   setvbuf.o
       264          6          0          0          0        160   stdio.o
         0          0          0         12        252          0   stdio_streams.o
       128          0          0          0          0         68   strcmpv7m.o
        12          4          0          0          0         68   sys_exit.o
        74          0          0          0          0         80   sys_stackheap_outer.o
        14          0          0          0          0         76   sys_wrch.o
         2          0          0          0          0         68   use_no_semi.o
        12          0          0          0          0         68   dretinf.o
        86          4          0          0          0         84   f2d.o
        84          0          0          0          0        196   fcmp.o
        24          0          0          0          0         68   fcmpi.o
       104          4          0          0          0         84   feqf.o
        54          4          0          0          0         84   ffix.o
       104          4          0          0          0         84   fgeqf.o
       104          4          0          0          0         84   fleqf.o
       140          4          0          0          0         84   fnaninf.o
         4          0          0          0          0         68   printf1.o
         0          0          0          0          0          0   usenofp.o
        40          0          0          0          0         68   fpclassify.o

    ----------------------------------------------------------------------
      7814        404        176         12        348       5784   Library Totals
        20          0          0          0          0          0   (incl. Padding)

    ----------------------------------------------------------------------

      Code (inc. data)   RO Data    RW Data    ZI Data      Debug   Library Name

      7038        380        176         12        348       4812   c_w.l
       716         24          0          0          0        904   fz_ws.l
        40          0          0          0          0         68   m_ws.l

    ----------------------------------------------------------------------
      7814        404        176         12        348       5784   Library Totals

    ----------------------------------------------------------------------

==============================================================================


      Code (inc. data)   RO Data    RW Data    ZI Data      Debug   

     12736        486        572         24       1888      21557   Grand Totals
     12736        486        572         24       1888      21557   ELF Image Totals
     12736        486        572         24          0          0   ROM Totals

==============================================================================

    Total RO  Size (Code + RO Data)                13308 (  13.00kB)
    Total RW  Size (RW Data + ZI Data)              1912 (   1.87kB)
    Total ROM Size (Code + RO Data + RW Data)      13332 (  13.02kB)

==============================================================================

